23:16:48 **** Build of project HDMI_DEMO_bsp ****
make -k all 
"Running Make include in microblaze_0/libsrc/axidma_v9_8/src"
make -C microblaze_0/libsrc/axidma_v9_8/src -s include  "SHELL=CMD" "COMPILER=mb-gcc" "ARCHIVER=mb-ar" "COMPILER_FLAGS=  -O2 -c -mcpu=v11.0 -mhard-float -mlittle-endian -mno-xl-soft-div -mno-xl-soft-mul -mxl-barrel-shift -mxl-float-convert -mxl-float-sqrt -mxl-multiply-high -mxl-pattern-compare" "EXTRA_COMPILER_FLAGS=-ffunction-sections -fdata-sections -Wall -Wextra"
"Running Make include in microblaze_0/libsrc/axivdma_v6_6/src"
make -C microblaze_0/libsrc/axivdma_v6_6/src -s include  "SHELL=CMD" "COMPILER=mb-gcc" "ARCHIVER=mb-ar" "COMPILER_FLAGS=  -O2 -c -mcpu=v11.0 -mhard-float -mlittle-endian -mno-xl-soft-div -mno-xl-soft-mul -mxl-barrel-shift -mxl-float-convert -mxl-float-sqrt -mxl-multiply-high -mxl-pattern-compare" "EXTRA_COMPILER_FLAGS=-ffunction-sections -fdata-sections -Wall -Wextra"
"Running Make include in microblaze_0/libsrc/bram_v4_2/src"
make -C microblaze_0/libsrc/bram_v4_2/src -s include  "SHELL=CMD" "COMPILER=mb-gcc" "ARCHIVER=mb-ar" "COMPILER_FLAGS=  -O2 -c -mcpu=v11.0 -mhard-float -mlittle-endian -mno-xl-soft-div -mno-xl-soft-mul -mxl-barrel-shift -mxl-float-convert -mxl-float-sqrt -mxl-multiply-high -mxl-pattern-compare" "EXTRA_COMPILER_FLAGS=-ffunction-sections -fdata-sections -Wall -Wextra"
"Running Make include in microblaze_0/libsrc/cpu_v2_8/src"
make -C microblaze_0/libsrc/cpu_v2_8/src -s include  "SHELL=CMD" "COMPILER=mb-gcc" "ARCHIVER=mb-ar" "COMPILER_FLAGS=  -O2 -c -mcpu=v11.0 -mhard-float -mlittle-endian -mno-xl-soft-div -mno-xl-soft-mul -mxl-barrel-shift -mxl-float-convert -mxl-float-sqrt -mxl-multiply-high -mxl-pattern-compare" "EXTRA_COMPILER_FLAGS=-ffunction-sections -fdata-sections -Wall -Wextra"
"Running Make include in microblaze_0/libsrc/gpio_v4_3/src"
make -C microblaze_0/libsrc/gpio_v4_3/src -s include  "SHELL=CMD" "COMPILER=mb-gcc" "ARCHIVER=mb-ar" "COMPILER_FLAGS=  -O2 -c -mcpu=v11.0 -mhard-float -mlittle-endian -mno-xl-soft-div -mno-xl-soft-mul -mxl-barrel-shift -mxl-float-convert -mxl-float-sqrt -mxl-multiply-high -mxl-pattern-compare" "EXTRA_COMPILER_FLAGS=-ffunction-sections -fdata-sections -Wall -Wextra"
"Running Make include in microblaze_0/libsrc/iic_v3_5/src"
make -C microblaze_0/libsrc/iic_v3_5/src -s include  "SHELL=CMD" "COMPILER=mb-gcc" "ARCHIVER=mb-ar" "COMPILER_FLAGS=  -O2 -c -mcpu=v11.0 -mhard-float -mlittle-endian -mno-xl-soft-div -mno-xl-soft-mul -mxl-barrel-shift -mxl-float-convert -mxl-float-sqrt -mxl-multiply-high -mxl-pattern-compare" "EXTRA_COMPILER_FLAGS=-ffunction-sections -fdata-sections -Wall -Wextra"
"Running Make include in microblaze_0/libsrc/intc_v3_8/src"
make -C microblaze_0/libsrc/intc_v3_8/src -s include  "SHELL=CMD" "COMPILER=mb-gcc" "ARCHIVER=mb-ar" "COMPILER_FLAGS=  -O2 -c -mcpu=v11.0 -mhard-float -mlittle-endian -mno-xl-soft-div -mno-xl-soft-mul -mxl-barrel-shift -mxl-float-convert -mxl-float-sqrt -mxl-multiply-high -mxl-pattern-compare" "EXTRA_COMPILER_FLAGS=-ffunction-sections -fdata-sections -Wall -Wextra"
"Running Make include in microblaze_0/libsrc/standalone_v6_8/src"
make -C microblaze_0/libsrc/standalone_v6_8/src -s include  "SHELL=CMD" "COMPILER=mb-gcc" "ARCHIVER=mb-ar" "COMPILER_FLAGS=  -O2 -c -mcpu=v11.0 -mhard-float -mlittle-endian -mno-xl-soft-div -mno-xl-soft-mul -mxl-barrel-shift -mxl-float-convert -mxl-float-sqrt -mxl-multiply-high -mxl-pattern-compare" "EXTRA_COMPILER_FLAGS=-ffunction-sections -fdata-sections -Wall -Wextra"
"Running Make include in microblaze_0/libsrc/tmrctr_v4_5/src"
make -C microblaze_0/libsrc/tmrctr_v4_5/src -s include  "SHELL=CMD" "COMPILER=mb-gcc" "ARCHIVER=mb-ar" "COMPILER_FLAGS=  -O2 -c -mcpu=v11.0 -mhard-float -mlittle-endian -mno-xl-soft-div -mno-xl-soft-mul -mxl-barrel-shift -mxl-float-convert -mxl-float-sqrt -mxl-multiply-high -mxl-pattern-compare" "EXTRA_COMPILER_FLAGS=-ffunction-sections -fdata-sections -Wall -Wextra"
"Running Make include in microblaze_0/libsrc/uartlite_v3_2/src"
make -C microblaze_0/libsrc/uartlite_v3_2/src -s include  "SHELL=CMD" "COMPILER=mb-gcc" "ARCHIVER=mb-ar" "COMPILER_FLAGS=  -O2 -c -mcpu=v11.0 -mhard-float -mlittle-endian -mno-xl-soft-div -mno-xl-soft-mul -mxl-barrel-shift -mxl-float-convert -mxl-float-sqrt -mxl-multiply-high -mxl-pattern-compare" "EXTRA_COMPILER_FLAGS=-ffunction-sections -fdata-sections -Wall -Wextra"
"Running Make include in microblaze_0/libsrc/vtc_v8_0/src"
make -C microblaze_0/libsrc/vtc_v8_0/src -s include  "SHELL=CMD" "COMPILER=mb-gcc" "ARCHIVER=mb-ar" "COMPILER_FLAGS=  -O2 -c -mcpu=v11.0 -mhard-float -mlittle-endian -mno-xl-soft-div -mno-xl-soft-mul -mxl-barrel-shift -mxl-float-convert -mxl-float-sqrt -mxl-multiply-high -mxl-pattern-compare" "EXTRA_COMPILER_FLAGS=-ffunction-sections -fdata-sections -Wall -Wextra"
"Running Make libs in microblaze_0/libsrc/axidma_v9_8/src"
make -C microblaze_0/libsrc/axidma_v9_8/src -s libs  "SHELL=CMD" "COMPILER=mb-gcc" "ARCHIVER=mb-ar" "COMPILER_FLAGS=  -O2 -c -mcpu=v11.0 -mhard-float -mlittle-endian -mno-xl-soft-div -mno-xl-soft-mul -mxl-barrel-shift -mxl-float-convert -mxl-float-sqrt -mxl-multiply-high -mxl-pattern-compare" "EXTRA_COMPILER_FLAGS=-ffunction-sections -fdata-sections -Wall -Wextra"
"Compiling axidma"
mb-ar: creating ../../../lib/libxil.a
"Running Make libs in microblaze_0/libsrc/axivdma_v6_6/src"
make -C microblaze_0/libsrc/axivdma_v6_6/src -s libs  "SHELL=CMD" "COMPILER=mb-gcc" "ARCHIVER=mb-ar" "COMPILER_FLAGS=  -O2 -c -mcpu=v11.0 -mhard-float -mlittle-endian -mno-xl-soft-div -mno-xl-soft-mul -mxl-barrel-shift -mxl-float-convert -mxl-float-sqrt -mxl-multiply-high -mxl-pattern-compare" "EXTRA_COMPILER_FLAGS=-ffunction-sections -fdata-sections -Wall -Wextra"
"Compiling axivdma"
"Running Make libs in microblaze_0/libsrc/bram_v4_2/src"
make -C microblaze_0/libsrc/bram_v4_2/src -s libs  "SHELL=CMD" "COMPILER=mb-gcc" "ARCHIVER=mb-ar" "COMPILER_FLAGS=  -O2 -c -mcpu=v11.0 -mhard-float -mlittle-endian -mno-xl-soft-div -mno-xl-soft-mul -mxl-barrel-shift -mxl-float-convert -mxl-float-sqrt -mxl-multiply-high -mxl-pattern-compare" "EXTRA_COMPILER_FLAGS=-ffunction-sections -fdata-sections -Wall -Wextra"
"Compiling bram"
"Running Make libs in microblaze_0/libsrc/cpu_v2_8/src"
make -C microblaze_0/libsrc/cpu_v2_8/src -s libs  "SHELL=CMD" "COMPILER=mb-gcc" "ARCHIVER=mb-ar" "COMPILER_FLAGS=  -O2 -c -mcpu=v11.0 -mhard-float -mlittle-endian -mno-xl-soft-div -mno-xl-soft-mul -mxl-barrel-shift -mxl-float-convert -mxl-float-sqrt -mxl-multiply-high -mxl-pattern-compare" "EXTRA_COMPILER_FLAGS=-ffunction-sections -fdata-sections -Wall -Wextra"
"Compiling cpu"
"Running Make libs in microblaze_0/libsrc/gpio_v4_3/src"
make -C microblaze_0/libsrc/gpio_v4_3/src -s libs  "SHELL=CMD" "COMPILER=mb-gcc" "ARCHIVER=mb-ar" "COMPILER_FLAGS=  -O2 -c -mcpu=v11.0 -mhard-float -mlittle-endian -mno-xl-soft-div -mno-xl-soft-mul -mxl-barrel-shift -mxl-float-convert -mxl-float-sqrt -mxl-multiply-high -mxl-pattern-compare" "EXTRA_COMPILER_FLAGS=-ffunction-sections -fdata-sections -Wall -Wextra"
"Compiling gpio"
"Running Make libs in microblaze_0/libsrc/iic_v3_5/src"
make -C microblaze_0/libsrc/iic_v3_5/src -s libs  "SHELL=CMD" "COMPILER=mb-gcc" "ARCHIVER=mb-ar" "COMPILER_FLAGS=  -O2 -c -mcpu=v11.0 -mhard-float -mlittle-endian -mno-xl-soft-div -mno-xl-soft-mul -mxl-barrel-shift -mxl-float-convert -mxl-float-sqrt -mxl-multiply-high -mxl-pattern-compare" "EXTRA_COMPILER_FLAGS=-ffunction-sections -fdata-sections -Wall -Wextra"
"Compiling iic"
"Running Make libs in microblaze_0/libsrc/intc_v3_8/src"
make -C microblaze_0/libsrc/intc_v3_8/src -s libs  "SHELL=CMD" "COMPILER=mb-gcc" "ARCHIVER=mb-ar" "COMPILER_FLAGS=  -O2 -c -mcpu=v11.0 -mhard-float -mlittle-endian -mno-xl-soft-div -mno-xl-soft-mul -mxl-barrel-shift -mxl-float-convert -mxl-float-sqrt -mxl-multiply-high -mxl-pattern-compare" "EXTRA_COMPILER_FLAGS=-ffunction-sections -fdata-sections -Wall -Wextra"
"Compiling intc"
"Running Make libs in microblaze_0/libsrc/standalone_v6_8/src"
make -C microblaze_0/libsrc/standalone_v6_8/src -s libs  "SHELL=CMD" "COMPILER=mb-gcc" "ARCHIVER=mb-ar" "COMPILER_FLAGS=  -O2 -c -mcpu=v11.0 -mhard-float -mlittle-endian -mno-xl-soft-div -mno-xl-soft-mul -mxl-barrel-shift -mxl-float-convert -mxl-float-sqrt -mxl-multiply-high -mxl-pattern-compare" "EXTRA_COMPILER_FLAGS=-ffunction-sections -fdata-sections -Wall -Wextra"
"Compiling standalone";
microblaze_sleep.c:77:9: note: #pragma message: For the sleep routines, assembly instructions are used
 #pragma message ("For the sleep routines, assembly instructions are used")
         ^~~~~~~
"Running Make libs in microblaze_0/libsrc/tmrctr_v4_5/src"
make -C microblaze_0/libsrc/tmrctr_v4_5/src -s libs  "SHELL=CMD" "COMPILER=mb-gcc" "ARCHIVER=mb-ar" "COMPILER_FLAGS=  -O2 -c -mcpu=v11.0 -mhard-float -mlittle-endian -mno-xl-soft-div -mno-xl-soft-mul -mxl-barrel-shift -mxl-float-convert -mxl-float-sqrt -mxl-multiply-high -mxl-pattern-compare" "EXTRA_COMPILER_FLAGS=-ffunction-sections -fdata-sections -Wall -Wextra"
"Compiling tmrctr"
"Running Make libs in microblaze_0/libsrc/uartlite_v3_2/src"
make -C microblaze_0/libsrc/uartlite_v3_2/src -s libs  "SHELL=CMD" "COMPILER=mb-gcc" "ARCHIVER=mb-ar" "COMPILER_FLAGS=  -O2 -c -mcpu=v11.0 -mhard-float -mlittle-endian -mno-xl-soft-div -mno-xl-soft-mul -mxl-barrel-shift -mxl-float-convert -mxl-float-sqrt -mxl-multiply-high -mxl-pattern-compare" "EXTRA_COMPILER_FLAGS=-ffunction-sections -fdata-sections -Wall -Wextra"
"Compiling uartlite"
"Running Make libs in microblaze_0/libsrc/vtc_v8_0/src"
make -C microblaze_0/libsrc/vtc_v8_0/src -s libs  "SHELL=CMD" "COMPILER=mb-gcc" "ARCHIVER=mb-ar" "COMPILER_FLAGS=  -O2 -c -mcpu=v11.0 -mhard-float -mlittle-endian -mno-xl-soft-div -mno-xl-soft-mul -mxl-barrel-shift -mxl-float-convert -mxl-float-sqrt -mxl-multiply-high -mxl-pattern-compare" "EXTRA_COMPILER_FLAGS=-ffunction-sections -fdata-sections -Wall -Wextra"
"Compiling video timing controller"
'Finished building libraries'

**** Build of configuration Debug for project HDMI_DEMO ****

Nothing to build for project HDMI_DEMO
23:18:01 **** Auto Build of configuration Debug for project HDMI_DEMO ****
make all 
'Building file: ../src/video_capture/video_capture.c'
'Invoking: MicroBlaze gcc compiler'
mb-gcc -Wall -O0 -g3 -c -fmessage-length=0 -MT"src/video_capture/video_capture.o" -I../../HDMI_DEMO_bsp/microblaze_0/include -mlittle-endian -mxl-barrel-shift -mxl-pattern-compare -mno-xl-soft-div -mcpu=v11.0 -mno-xl-soft-mul -mxl-multiply-high -mhard-float -mxl-float-convert -mxl-float-sqrt -Wl,--no-relax -ffunction-sections -fdata-sections -MMD -MP -MF"src/video_capture/video_capture.d" -MT"src/video_capture/video_capture.o" -o "src/video_capture/video_capture.o" "../src/video_capture/video_capture.c"
'Finished building: ../src/video_capture/video_capture.c'
' '
'Building file: ../src/timer_ps/timer_ps.c'
'Invoking: MicroBlaze gcc compiler'
mb-gcc -Wall -O0 -g3 -c -fmessage-length=0 -MT"src/timer_ps/timer_ps.o" -I../../HDMI_DEMO_bsp/microblaze_0/include -mlittle-endian -mxl-barrel-shift -mxl-pattern-compare -mno-xl-soft-div -mcpu=v11.0 -mno-xl-soft-mul -mxl-multiply-high -mhard-float -mxl-float-convert -mxl-float-sqrt -Wl,--no-relax -ffunction-sections -fdata-sections -MMD -MP -MF"src/timer_ps/timer_ps.d" -MT"src/timer_ps/timer_ps.o" -o "src/timer_ps/timer_ps.o" "../src/timer_ps/timer_ps.c"
'Finished building: ../src/timer_ps/timer_ps.c'
' '
'Building file: ../src/intc/intc.c'
'Invoking: MicroBlaze gcc compiler'
mb-gcc -Wall -O0 -g3 -c -fmessage-length=0 -MT"src/intc/intc.o" -I../../HDMI_DEMO_bsp/microblaze_0/include -mlittle-endian -mxl-barrel-shift -mxl-pattern-compare -mno-xl-soft-div -mcpu=v11.0 -mno-xl-soft-mul -mxl-multiply-high -mhard-float -mxl-float-convert -mxl-float-sqrt -Wl,--no-relax -ffunction-sections -fdata-sections -MMD -MP -MF"src/intc/intc.d" -MT"src/intc/intc.o" -o "src/intc/intc.o" "../src/intc/intc.c"
'Finished building: ../src/intc/intc.c'
' '
'Building file: ../src/dynclk/dynclk.c'
'Invoking: MicroBlaze gcc compiler'
mb-gcc -Wall -O0 -g3 -c -fmessage-length=0 -MT"src/dynclk/dynclk.o" -I../../HDMI_DEMO_bsp/microblaze_0/include -mlittle-endian -mxl-barrel-shift -mxl-pattern-compare -mno-xl-soft-div -mcpu=v11.0 -mno-xl-soft-mul -mxl-multiply-high -mhard-float -mxl-float-convert -mxl-float-sqrt -Wl,--no-relax -ffunction-sections -fdata-sections -MMD -MP -MF"src/dynclk/dynclk.d" -MT"src/dynclk/dynclk.o" -o "src/dynclk/dynclk.o" "../src/dynclk/dynclk.c"
'Finished building: ../src/dynclk/dynclk.c'
' '
'Building file: ../src/display_ctrl/display_ctrl.c'
'Invoking: MicroBlaze gcc compiler'
mb-gcc -Wall -O0 -g3 -c -fmessage-length=0 -MT"src/display_ctrl/display_ctrl.o" -I../../HDMI_DEMO_bsp/microblaze_0/include -mlittle-endian -mxl-barrel-shift -mxl-pattern-compare -mno-xl-soft-div -mcpu=v11.0 -mno-xl-soft-mul -mxl-multiply-high -mhard-float -mxl-float-convert -mxl-float-sqrt -Wl,--no-relax -ffunction-sections -fdata-sections -MMD -MP -MF"src/display_ctrl/display_ctrl.d" -MT"src/display_ctrl/display_ctrl.o" -o "src/display_ctrl/display_ctrl.o" "../src/display_ctrl/display_ctrl.c"
'Finished building: ../src/display_ctrl/display_ctrl.c'
' '
'Building file: ../src/video_demo.c'
'Invoking: MicroBlaze gcc compiler'
mb-gcc -Wall -O0 -g3 -c -fmessage-length=0 -MT"src/video_demo.o" -I../../HDMI_DEMO_bsp/microblaze_0/include -mlittle-endian -mxl-barrel-shift -mxl-pattern-compare -mno-xl-soft-div -mcpu=v11.0 -mno-xl-soft-mul -mxl-multiply-high -mhard-float -mxl-float-convert -mxl-float-sqrt -Wl,--no-relax -ffunction-sections -fdata-sections -MMD -MP -MF"src/video_demo.d" -MT"src/video_demo.o" -o "src/video_demo.o" "../src/video_demo.c"
In file included from ../src/video_demo.c:30:0:
../src/video_demo.c:52:26: error: 'XPAR_INTC_0_GPIO_0_VEC_ID' undeclared here (not in a function); did you mean 'XPAR_INTC_0_GPIO_1_VEC_ID'?
 #define VID_GPIO_IRPT_ID XPAR_INTC_0_GPIO_0_VEC_ID
                          ^
../src/video_capture/video_capture.h:104:3: note: in definition of macro 'videoGpioIvt'
  {x, (XInterruptHandler)GpioIsr, y, 0xA0, 0x3}
   ^
../src/video_demo.c:79:15: note: in expansion of macro 'VID_GPIO_IRPT_ID'
  videoGpioIvt(VID_GPIO_IRPT_ID, &videoCapt),
               ^~~~~~~~~~~~~~~~
make: *** [src/subdir.mk:23: src/video_demo.o] Error 1
23:18:54 **** Auto Build of project HDMI_DEMO_bsp ****
make -k all 
"Running Make include in microblaze_0/libsrc/axidma_v9_8/src"
make -C microblaze_0/libsrc/axidma_v9_8/src -s include  "SHELL=CMD" "COMPILER=mb-gcc" "ARCHIVER=mb-ar" "COMPILER_FLAGS=  -O2 -c -mcpu=v11.0 -mhard-float -mlittle-endian -mno-xl-soft-div -mno-xl-soft-mul -mxl-barrel-shift -mxl-float-convert -mxl-float-sqrt -mxl-multiply-high -mxl-pattern-compare" "EXTRA_COMPILER_FLAGS=-ffunction-sections -fdata-sections -Wall -Wextra"
"Running Make include in microblaze_0/libsrc/axivdma_v6_6/src"
make -C microblaze_0/libsrc/axivdma_v6_6/src -s include  "SHELL=CMD" "COMPILER=mb-gcc" "ARCHIVER=mb-ar" "COMPILER_FLAGS=  -O2 -c -mcpu=v11.0 -mhard-float -mlittle-endian -mno-xl-soft-div -mno-xl-soft-mul -mxl-barrel-shift -mxl-float-convert -mxl-float-sqrt -mxl-multiply-high -mxl-pattern-compare" "EXTRA_COMPILER_FLAGS=-ffunction-sections -fdata-sections -Wall -Wextra"
"Running Make include in microblaze_0/libsrc/bram_v4_2/src"
make -C microblaze_0/libsrc/bram_v4_2/src -s include  "SHELL=CMD" "COMPILER=mb-gcc" "ARCHIVER=mb-ar" "COMPILER_FLAGS=  -O2 -c -mcpu=v11.0 -mhard-float -mlittle-endian -mno-xl-soft-div -mno-xl-soft-mul -mxl-barrel-shift -mxl-float-convert -mxl-float-sqrt -mxl-multiply-high -mxl-pattern-compare" "EXTRA_COMPILER_FLAGS=-ffunction-sections -fdata-sections -Wall -Wextra"
"Running Make include in microblaze_0/libsrc/cpu_v2_8/src"
make -C microblaze_0/libsrc/cpu_v2_8/src -s include  "SHELL=CMD" "COMPILER=mb-gcc" "ARCHIVER=mb-ar" "COMPILER_FLAGS=  -O2 -c -mcpu=v11.0 -mhard-float -mlittle-endian -mno-xl-soft-div -mno-xl-soft-mul -mxl-barrel-shift -mxl-float-convert -mxl-float-sqrt -mxl-multiply-high -mxl-pattern-compare" "EXTRA_COMPILER_FLAGS=-ffunction-sections -fdata-sections -Wall -Wextra"
"Running Make include in microblaze_0/libsrc/gpio_v4_3/src"
make -C microblaze_0/libsrc/gpio_v4_3/src -s include  "SHELL=CMD" "COMPILER=mb-gcc" "ARCHIVER=mb-ar" "COMPILER_FLAGS=  -O2 -c -mcpu=v11.0 -mhard-float -mlittle-endian -mno-xl-soft-div -mno-xl-soft-mul -mxl-barrel-shift -mxl-float-convert -mxl-float-sqrt -mxl-multiply-high -mxl-pattern-compare" "EXTRA_COMPILER_FLAGS=-ffunction-sections -fdata-sections -Wall -Wextra"
"Running Make include in microblaze_0/libsrc/iic_v3_5/src"
make -C microblaze_0/libsrc/iic_v3_5/src -s include  "SHELL=CMD" "COMPILER=mb-gcc" "ARCHIVER=mb-ar" "COMPILER_FLAGS=  -O2 -c -mcpu=v11.0 -mhard-float -mlittle-endian -mno-xl-soft-div -mno-xl-soft-mul -mxl-barrel-shift -mxl-float-convert -mxl-float-sqrt -mxl-multiply-high -mxl-pattern-compare" "EXTRA_COMPILER_FLAGS=-ffunction-sections -fdata-sections -Wall -Wextra"
"Running Make include in microblaze_0/libsrc/intc_v3_8/src"
make -C microblaze_0/libsrc/intc_v3_8/src -s include  "SHELL=CMD" "COMPILER=mb-gcc" "ARCHIVER=mb-ar" "COMPILER_FLAGS=  -O2 -c -mcpu=v11.0 -mhard-float -mlittle-endian -mno-xl-soft-div -mno-xl-soft-mul -mxl-barrel-shift -mxl-float-convert -mxl-float-sqrt -mxl-multiply-high -mxl-pattern-compare" "EXTRA_COMPILER_FLAGS=-ffunction-sections -fdata-sections -Wall -Wextra"
"Running Make include in microblaze_0/libsrc/standalone_v6_8/src"
make -C microblaze_0/libsrc/standalone_v6_8/src -s include  "SHELL=CMD" "COMPILER=mb-gcc" "ARCHIVER=mb-ar" "COMPILER_FLAGS=  -O2 -c -mcpu=v11.0 -mhard-float -mlittle-endian -mno-xl-soft-div -mno-xl-soft-mul -mxl-barrel-shift -mxl-float-convert -mxl-float-sqrt -mxl-multiply-high -mxl-pattern-compare" "EXTRA_COMPILER_FLAGS=-ffunction-sections -fdata-sections -Wall -Wextra"
"Running Make include in microblaze_0/libsrc/tmrctr_v4_5/src"
make -C microblaze_0/libsrc/tmrctr_v4_5/src -s include  "SHELL=CMD" "COMPILER=mb-gcc" "ARCHIVER=mb-ar" "COMPILER_FLAGS=  -O2 -c -mcpu=v11.0 -mhard-float -mlittle-endian -mno-xl-soft-div -mno-xl-soft-mul -mxl-barrel-shift -mxl-float-convert -mxl-float-sqrt -mxl-multiply-high -mxl-pattern-compare" "EXTRA_COMPILER_FLAGS=-ffunction-sections -fdata-sections -Wall -Wextra"
"Running Make include in microblaze_0/libsrc/uartlite_v3_2/src"
make -C microblaze_0/libsrc/uartlite_v3_2/src -s include  "SHELL=CMD" "COMPILER=mb-gcc" "ARCHIVER=mb-ar" "COMPILER_FLAGS=  -O2 -c -mcpu=v11.0 -mhard-float -mlittle-endian -mno-xl-soft-div -mno-xl-soft-mul -mxl-barrel-shift -mxl-float-convert -mxl-float-sqrt -mxl-multiply-high -mxl-pattern-compare" "EXTRA_COMPILER_FLAGS=-ffunction-sections -fdata-sections -Wall -Wextra"
"Running Make include in microblaze_0/libsrc/vtc_v8_0/src"
make -C microblaze_0/libsrc/vtc_v8_0/src -s include  "SHELL=CMD" "COMPILER=mb-gcc" "ARCHIVER=mb-ar" "COMPILER_FLAGS=  -O2 -c -mcpu=v11.0 -mhard-float -mlittle-endian -mno-xl-soft-div -mno-xl-soft-mul -mxl-barrel-shift -mxl-float-convert -mxl-float-sqrt -mxl-multiply-high -mxl-pattern-compare" "EXTRA_COMPILER_FLAGS=-ffunction-sections -fdata-sections -Wall -Wextra"
"Running Make libs in microblaze_0/libsrc/axidma_v9_8/src"
make -C microblaze_0/libsrc/axidma_v9_8/src -s libs  "SHELL=CMD" "COMPILER=mb-gcc" "ARCHIVER=mb-ar" "COMPILER_FLAGS=  -O2 -c -mcpu=v11.0 -mhard-float -mlittle-endian -mno-xl-soft-div -mno-xl-soft-mul -mxl-barrel-shift -mxl-float-convert -mxl-float-sqrt -mxl-multiply-high -mxl-pattern-compare" "EXTRA_COMPILER_FLAGS=-ffunction-sections -fdata-sections -Wall -Wextra"
"Compiling axidma"
mb-ar: creating ../../../lib/libxil.a
"Running Make libs in microblaze_0/libsrc/axivdma_v6_6/src"
make -C microblaze_0/libsrc/axivdma_v6_6/src -s libs  "SHELL=CMD" "COMPILER=mb-gcc" "ARCHIVER=mb-ar" "COMPILER_FLAGS=  -O2 -c -mcpu=v11.0 -mhard-float -mlittle-endian -mno-xl-soft-div -mno-xl-soft-mul -mxl-barrel-shift -mxl-float-convert -mxl-float-sqrt -mxl-multiply-high -mxl-pattern-compare" "EXTRA_COMPILER_FLAGS=-ffunction-sections -fdata-sections -Wall -Wextra"
"Compiling axivdma"
"Running Make libs in microblaze_0/libsrc/bram_v4_2/src"
make -C microblaze_0/libsrc/bram_v4_2/src -s libs  "SHELL=CMD" "COMPILER=mb-gcc" "ARCHIVER=mb-ar" "COMPILER_FLAGS=  -O2 -c -mcpu=v11.0 -mhard-float -mlittle-endian -mno-xl-soft-div -mno-xl-soft-mul -mxl-barrel-shift -mxl-float-convert -mxl-float-sqrt -mxl-multiply-high -mxl-pattern-compare" "EXTRA_COMPILER_FLAGS=-ffunction-sections -fdata-sections -Wall -Wextra"
"Compiling bram"
"Running Make libs in microblaze_0/libsrc/cpu_v2_8/src"
make -C microblaze_0/libsrc/cpu_v2_8/src -s libs  "SHELL=CMD" "COMPILER=mb-gcc" "ARCHIVER=mb-ar" "COMPILER_FLAGS=  -O2 -c -mcpu=v11.0 -mhard-float -mlittle-endian -mno-xl-soft-div -mno-xl-soft-mul -mxl-barrel-shift -mxl-float-convert -mxl-float-sqrt -mxl-multiply-high -mxl-pattern-compare" "EXTRA_COMPILER_FLAGS=-ffunction-sections -fdata-sections -Wall -Wextra"
"Compiling cpu"
"Running Make libs in microblaze_0/libsrc/gpio_v4_3/src"
make -C microblaze_0/libsrc/gpio_v4_3/src -s libs  "SHELL=CMD" "COMPILER=mb-gcc" "ARCHIVER=mb-ar" "COMPILER_FLAGS=  -O2 -c -mcpu=v11.0 -mhard-float -mlittle-endian -mno-xl-soft-div -mno-xl-soft-mul -mxl-barrel-shift -mxl-float-convert -mxl-float-sqrt -mxl-multiply-high -mxl-pattern-compare" "EXTRA_COMPILER_FLAGS=-ffunction-sections -fdata-sections -Wall -Wextra"
"Compiling gpio"
"Running Make libs in microblaze_0/libsrc/iic_v3_5/src"
make -C microblaze_0/libsrc/iic_v3_5/src -s libs  "SHELL=CMD" "COMPILER=mb-gcc" "ARCHIVER=mb-ar" "COMPILER_FLAGS=  -O2 -c -mcpu=v11.0 -mhard-float -mlittle-endian -mno-xl-soft-div -mno-xl-soft-mul -mxl-barrel-shift -mxl-float-convert -mxl-float-sqrt -mxl-multiply-high -mxl-pattern-compare" "EXTRA_COMPILER_FLAGS=-ffunction-sections -fdata-sections -Wall -Wextra"
"Compiling iic"
"Running Make libs in microblaze_0/libsrc/intc_v3_8/src"
make -C microblaze_0/libsrc/intc_v3_8/src -s libs  "SHELL=CMD" "COMPILER=mb-gcc" "ARCHIVER=mb-ar" "COMPILER_FLAGS=  -O2 -c -mcpu=v11.0 -mhard-float -mlittle-endian -mno-xl-soft-div -mno-xl-soft-mul -mxl-barrel-shift -mxl-float-convert -mxl-float-sqrt -mxl-multiply-high -mxl-pattern-compare" "EXTRA_COMPILER_FLAGS=-ffunction-sections -fdata-sections -Wall -Wextra"
"Compiling intc"
"Running Make libs in microblaze_0/libsrc/standalone_v6_8/src"
make -C microblaze_0/libsrc/standalone_v6_8/src -s libs  "SHELL=CMD" "COMPILER=mb-gcc" "ARCHIVER=mb-ar" "COMPILER_FLAGS=  -O2 -c -mcpu=v11.0 -mhard-float -mlittle-endian -mno-xl-soft-div -mno-xl-soft-mul -mxl-barrel-shift -mxl-float-convert -mxl-float-sqrt -mxl-multiply-high -mxl-pattern-compare" "EXTRA_COMPILER_FLAGS=-ffunction-sections -fdata-sections -Wall -Wextra"
"Compiling standalone";
microblaze_sleep.c:77:9: note: #pragma message: For the sleep routines, assembly instructions are used
 #pragma message ("For the sleep routines, assembly instructions are used")
         ^~~~~~~
"Running Make libs in microblaze_0/libsrc/tmrctr_v4_5/src"
make -C microblaze_0/libsrc/tmrctr_v4_5/src -s libs  "SHELL=CMD" "COMPILER=mb-gcc" "ARCHIVER=mb-ar" "COMPILER_FLAGS=  -O2 -c -mcpu=v11.0 -mhard-float -mlittle-endian -mno-xl-soft-div -mno-xl-soft-mul -mxl-barrel-shift -mxl-float-convert -mxl-float-sqrt -mxl-multiply-high -mxl-pattern-compare" "EXTRA_COMPILER_FLAGS=-ffunction-sections -fdata-sections -Wall -Wextra"
"Compiling tmrctr"
"Running Make libs in microblaze_0/libsrc/uartlite_v3_2/src"
make -C microblaze_0/libsrc/uartlite_v3_2/src -s libs  "SHELL=CMD" "COMPILER=mb-gcc" "ARCHIVER=mb-ar" "COMPILER_FLAGS=  -O2 -c -mcpu=v11.0 -mhard-float -mlittle-endian -mno-xl-soft-div -mno-xl-soft-mul -mxl-barrel-shift -mxl-float-convert -mxl-float-sqrt -mxl-multiply-high -mxl-pattern-compare" "EXTRA_COMPILER_FLAGS=-ffunction-sections -fdata-sections -Wall -Wextra"
"Compiling uartlite"
"Running Make libs in microblaze_0/libsrc/vtc_v8_0/src"
make -C microblaze_0/libsrc/vtc_v8_0/src -s libs  "SHELL=CMD" "COMPILER=mb-gcc" "ARCHIVER=mb-ar" "COMPILER_FLAGS=  -O2 -c -mcpu=v11.0 -mhard-float -mlittle-endian -mno-xl-soft-div -mno-xl-soft-mul -mxl-barrel-shift -mxl-float-convert -mxl-float-sqrt -mxl-multiply-high -mxl-pattern-compare" "EXTRA_COMPILER_FLAGS=-ffunction-sections -fdata-sections -Wall -Wextra"
"Compiling video timing controller"
'Finished building libraries'
23:18:58 **** Auto Build of configuration Debug for project HDMI_DEMO ****
make all 
'Building file: ../src/video_capture/video_capture.c'
'Invoking: MicroBlaze gcc compiler'
mb-gcc -Wall -O0 -g3 -c -fmessage-length=0 -MT"src/video_capture/video_capture.o" -I../../HDMI_DEMO_bsp/microblaze_0/include -mlittle-endian -mxl-barrel-shift -mxl-pattern-compare -mno-xl-soft-div -mcpu=v11.0 -mno-xl-soft-mul -mxl-multiply-high -mhard-float -mxl-float-convert -mxl-float-sqrt -Wl,--no-relax -ffunction-sections -fdata-sections -MMD -MP -MF"src/video_capture/video_capture.d" -MT"src/video_capture/video_capture.o" -o "src/video_capture/video_capture.o" "../src/video_capture/video_capture.c"
'Finished building: ../src/video_capture/video_capture.c'
' '
'Building file: ../src/intc/intc.c'
'Invoking: MicroBlaze gcc compiler'
mb-gcc -Wall -O0 -g3 -c -fmessage-length=0 -MT"src/intc/intc.o" -I../../HDMI_DEMO_bsp/microblaze_0/include -mlittle-endian -mxl-barrel-shift -mxl-pattern-compare -mno-xl-soft-div -mcpu=v11.0 -mno-xl-soft-mul -mxl-multiply-high -mhard-float -mxl-float-convert -mxl-float-sqrt -Wl,--no-relax -ffunction-sections -fdata-sections -MMD -MP -MF"src/intc/intc.d" -MT"src/intc/intc.o" -o "src/intc/intc.o" "../src/intc/intc.c"
'Finished building: ../src/intc/intc.c'
' '
'Building file: ../src/dynclk/dynclk.c'
'Invoking: MicroBlaze gcc compiler'
mb-gcc -Wall -O0 -g3 -c -fmessage-length=0 -MT"src/dynclk/dynclk.o" -I../../HDMI_DEMO_bsp/microblaze_0/include -mlittle-endian -mxl-barrel-shift -mxl-pattern-compare -mno-xl-soft-div -mcpu=v11.0 -mno-xl-soft-mul -mxl-multiply-high -mhard-float -mxl-float-convert -mxl-float-sqrt -Wl,--no-relax -ffunction-sections -fdata-sections -MMD -MP -MF"src/dynclk/dynclk.d" -MT"src/dynclk/dynclk.o" -o "src/dynclk/dynclk.o" "../src/dynclk/dynclk.c"
'Finished building: ../src/dynclk/dynclk.c'
' '
'Building file: ../src/display_ctrl/display_ctrl.c'
'Invoking: MicroBlaze gcc compiler'
mb-gcc -Wall -O0 -g3 -c -fmessage-length=0 -MT"src/display_ctrl/display_ctrl.o" -I../../HDMI_DEMO_bsp/microblaze_0/include -mlittle-endian -mxl-barrel-shift -mxl-pattern-compare -mno-xl-soft-div -mcpu=v11.0 -mno-xl-soft-mul -mxl-multiply-high -mhard-float -mxl-float-convert -mxl-float-sqrt -Wl,--no-relax -ffunction-sections -fdata-sections -MMD -MP -MF"src/display_ctrl/display_ctrl.d" -MT"src/display_ctrl/display_ctrl.o" -o "src/display_ctrl/display_ctrl.o" "../src/display_ctrl/display_ctrl.c"
'Finished building: ../src/display_ctrl/display_ctrl.c'
' '
'Building file: ../src/video_demo.c'
'Invoking: MicroBlaze gcc compiler'
mb-gcc -Wall -O0 -g3 -c -fmessage-length=0 -MT"src/video_demo.o" -I../../HDMI_DEMO_bsp/microblaze_0/include -mlittle-endian -mxl-barrel-shift -mxl-pattern-compare -mno-xl-soft-div -mcpu=v11.0 -mno-xl-soft-mul -mxl-multiply-high -mhard-float -mxl-float-convert -mxl-float-sqrt -Wl,--no-relax -ffunction-sections -fdata-sections -MMD -MP -MF"src/video_demo.d" -MT"src/video_demo.o" -o "src/video_demo.o" "../src/video_demo.c"
In file included from ../src/video_demo.c:30:0:
../src/video_demo.c:52:26: error: 'XPAR_INTC_0_GPIO_0_VEC_ID' undeclared here (not in a function); did you mean 'XPAR_INTC_0_GPIO_1_VEC_ID'?
 #define VID_GPIO_IRPT_ID XPAR_INTC_0_GPIO_0_VEC_ID
                          ^
../src/video_capture/video_capture.h:104:3: note: in definition of macro 'videoGpioIvt'
  {x, (XInterruptHandler)GpioIsr, y, 0xA0, 0x3}
   ^
../src/video_demo.c:79:15: note: in expansion of macro 'VID_GPIO_IRPT_ID'
  videoGpioIvt(VID_GPIO_IRPT_ID, &videoCapt),
               ^~~~~~~~~~~~~~~~
make: *** [src/subdir.mk:23: src/video_demo.o] Error 1
23:19:12 **** Auto Build of configuration Debug for project HDMI_DEMO ****
make all 
'Building file: ../src/video_demo.c'
'Invoking: MicroBlaze gcc compiler'
mb-gcc -Wall -O0 -g3 -c -fmessage-length=0 -MT"src/video_demo.o" -I../../HDMI_DEMO_bsp/microblaze_0/include -mlittle-endian -mxl-barrel-shift -mxl-pattern-compare -mno-xl-soft-div -mcpu=v11.0 -mno-xl-soft-mul -mxl-multiply-high -mhard-float -mxl-float-convert -mxl-float-sqrt -Wl,--no-relax -ffunction-sections -fdata-sections -MMD -MP -MF"src/video_demo.d" -MT"src/video_demo.o" -o "src/video_demo.o" "../src/video_demo.c"
In file included from ../src/video_demo.c:30:0:
../src/video_demo.c:78:15: error: 'VID_GPIO_IRPT_ID' undeclared here (not in a function); did you mean 'VID_VTC_IRPT_ID'?
  videoGpioIvt(VID_GPIO_IRPT_ID, &videoCapt),
               ^
../src/video_capture/video_capture.h:104:3: note: in definition of macro 'videoGpioIvt'
  {x, (XInterruptHandler)GpioIsr, y, 0xA0, 0x3}
   ^
make: *** [src/subdir.mk:23: src/video_demo.o] Error 1
23:19:17 **** Auto Build of configuration Debug for project HDMI_DEMO ****
make all 
'Building file: ../src/video_demo.c'
'Invoking: MicroBlaze gcc compiler'
mb-gcc -Wall -O0 -g3 -c -fmessage-length=0 -MT"src/video_demo.o" -I../../HDMI_DEMO_bsp/microblaze_0/include -mlittle-endian -mxl-barrel-shift -mxl-pattern-compare -mno-xl-soft-div -mcpu=v11.0 -mno-xl-soft-mul -mxl-multiply-high -mhard-float -mxl-float-convert -mxl-float-sqrt -Wl,--no-relax -ffunction-sections -fdata-sections -MMD -MP -MF"src/video_demo.d" -MT"src/video_demo.o" -o "src/video_demo.o" "../src/video_demo.c"
'Finished building: ../src/video_demo.c'
' '
'Building target: HDMI_DEMO.elf'
'Invoking: MicroBlaze gcc linker'
mb-gcc -Wl,-T -Wl,../src/lscript.ld -L../../HDMI_DEMO_bsp/microblaze_0/lib -mlittle-endian -mxl-barrel-shift -mxl-pattern-compare -mno-xl-soft-div -mcpu=v11.0 -mno-xl-soft-mul -mxl-multiply-high -mhard-float -mxl-float-convert -mxl-float-sqrt -Wl,--no-relax -Wl,--gc-sections -o "HDMI_DEMO.elf"  ./src/video_capture/video_capture.o  ./src/timer_ps/timer_ps.o  ./src/intc/intc.o  ./src/dynclk/dynclk.o  ./src/display_ctrl/display_ctrl.o  ./src/video_demo.o   -Wl,--start-group,-lxil,-lgcc,-lc,--end-group
'Finished building target: HDMI_DEMO.elf'
' '
'Invoking: MicroBlaze Print Size'
mb-size HDMI_DEMO.elf  |tee "HDMI_DEMO.elf.size"
   text	   data	    bss	    dec	    hex	filename
  94352	   1848	18796872	18893072	1204910	HDMI_DEMO.elf
'Finished building: HDMI_DEMO.elf.size'
' '
23:19:26 **** Auto Build of configuration Debug for project HDMI_DEMO ****
make all 
'Building file: ../src/video_demo.c'
'Invoking: MicroBlaze gcc compiler'
mb-gcc -Wall -O0 -g3 -c -fmessage-length=0 -MT"src/video_demo.o" -I../../HDMI_DEMO_bsp/microblaze_0/include -mlittle-endian -mxl-barrel-shift -mxl-pattern-compare -mno-xl-soft-div -mcpu=v11.0 -mno-xl-soft-mul -mxl-multiply-high -mhard-float -mxl-float-convert -mxl-float-sqrt -Wl,--no-relax -ffunction-sections -fdata-sections -MMD -MP -MF"src/video_demo.d" -MT"src/video_demo.o" -o "src/video_demo.o" "../src/video_demo.c"
../src/video_demo.c:43:10: fatal error: PmodGYRO.h: No such file or directory
 #include "PmodGYRO.h"
          ^~~~~~~~~~~~
compilation terminated.
make: *** [src/subdir.mk:23: src/video_demo.o] Error 1
23:24:03 **** Build of project HDMI_DEMO_bsp ****
make -k all 
"Running Make include in microblaze_0/libsrc/axidma_v9_8/src"
make -C microblaze_0/libsrc/axidma_v9_8/src -s include  "SHELL=CMD" "COMPILER=mb-gcc" "ARCHIVER=mb-ar" "COMPILER_FLAGS=  -O2 -c -mcpu=v11.0 -mhard-float -mlittle-endian -mno-xl-soft-div -mno-xl-soft-mul -mxl-barrel-shift -mxl-float-convert -mxl-float-sqrt -mxl-multiply-high -mxl-pattern-compare" "EXTRA_COMPILER_FLAGS=-ffunction-sections -fdata-sections -Wall -Wextra"
"Running Make include in microblaze_0/libsrc/axivdma_v6_6/src"
make -C microblaze_0/libsrc/axivdma_v6_6/src -s include  "SHELL=CMD" "COMPILER=mb-gcc" "ARCHIVER=mb-ar" "COMPILER_FLAGS=  -O2 -c -mcpu=v11.0 -mhard-float -mlittle-endian -mno-xl-soft-div -mno-xl-soft-mul -mxl-barrel-shift -mxl-float-convert -mxl-float-sqrt -mxl-multiply-high -mxl-pattern-compare" "EXTRA_COMPILER_FLAGS=-ffunction-sections -fdata-sections -Wall -Wextra"
"Running Make include in microblaze_0/libsrc/bram_v4_2/src"
make -C microblaze_0/libsrc/bram_v4_2/src -s include  "SHELL=CMD" "COMPILER=mb-gcc" "ARCHIVER=mb-ar" "COMPILER_FLAGS=  -O2 -c -mcpu=v11.0 -mhard-float -mlittle-endian -mno-xl-soft-div -mno-xl-soft-mul -mxl-barrel-shift -mxl-float-convert -mxl-float-sqrt -mxl-multiply-high -mxl-pattern-compare" "EXTRA_COMPILER_FLAGS=-ffunction-sections -fdata-sections -Wall -Wextra"
"Running Make include in microblaze_0/libsrc/cpu_v2_8/src"
make -C microblaze_0/libsrc/cpu_v2_8/src -s include  "SHELL=CMD" "COMPILER=mb-gcc" "ARCHIVER=mb-ar" "COMPILER_FLAGS=  -O2 -c -mcpu=v11.0 -mhard-float -mlittle-endian -mno-xl-soft-div -mno-xl-soft-mul -mxl-barrel-shift -mxl-float-convert -mxl-float-sqrt -mxl-multiply-high -mxl-pattern-compare" "EXTRA_COMPILER_FLAGS=-ffunction-sections -fdata-sections -Wall -Wextra"
"Running Make include in microblaze_0/libsrc/gpio_v4_3/src"
make -C microblaze_0/libsrc/gpio_v4_3/src -s include  "SHELL=CMD" "COMPILER=mb-gcc" "ARCHIVER=mb-ar" "COMPILER_FLAGS=  -O2 -c -mcpu=v11.0 -mhard-float -mlittle-endian -mno-xl-soft-div -mno-xl-soft-mul -mxl-barrel-shift -mxl-float-convert -mxl-float-sqrt -mxl-multiply-high -mxl-pattern-compare" "EXTRA_COMPILER_FLAGS=-ffunction-sections -fdata-sections -Wall -Wextra"
"Running Make include in microblaze_0/libsrc/iic_v3_5/src"
make -C microblaze_0/libsrc/iic_v3_5/src -s include  "SHELL=CMD" "COMPILER=mb-gcc" "ARCHIVER=mb-ar" "COMPILER_FLAGS=  -O2 -c -mcpu=v11.0 -mhard-float -mlittle-endian -mno-xl-soft-div -mno-xl-soft-mul -mxl-barrel-shift -mxl-float-convert -mxl-float-sqrt -mxl-multiply-high -mxl-pattern-compare" "EXTRA_COMPILER_FLAGS=-ffunction-sections -fdata-sections -Wall -Wextra"
"Running Make include in microblaze_0/libsrc/intc_v3_8/src"
make -C microblaze_0/libsrc/intc_v3_8/src -s include  "SHELL=CMD" "COMPILER=mb-gcc" "ARCHIVER=mb-ar" "COMPILER_FLAGS=  -O2 -c -mcpu=v11.0 -mhard-float -mlittle-endian -mno-xl-soft-div -mno-xl-soft-mul -mxl-barrel-shift -mxl-float-convert -mxl-float-sqrt -mxl-multiply-high -mxl-pattern-compare" "EXTRA_COMPILER_FLAGS=-ffunction-sections -fdata-sections -Wall -Wextra"
"Running Make include in microblaze_0/libsrc/standalone_v6_8/src"
make -C microblaze_0/libsrc/standalone_v6_8/src -s include  "SHELL=CMD" "COMPILER=mb-gcc" "ARCHIVER=mb-ar" "COMPILER_FLAGS=  -O2 -c -mcpu=v11.0 -mhard-float -mlittle-endian -mno-xl-soft-div -mno-xl-soft-mul -mxl-barrel-shift -mxl-float-convert -mxl-float-sqrt -mxl-multiply-high -mxl-pattern-compare" "EXTRA_COMPILER_FLAGS=-ffunction-sections -fdata-sections -Wall -Wextra"
"Running Make include in microblaze_0/libsrc/tmrctr_v4_5/src"
make -C microblaze_0/libsrc/tmrctr_v4_5/src -s include  "SHELL=CMD" "COMPILER=mb-gcc" "ARCHIVER=mb-ar" "COMPILER_FLAGS=  -O2 -c -mcpu=v11.0 -mhard-float -mlittle-endian -mno-xl-soft-div -mno-xl-soft-mul -mxl-barrel-shift -mxl-float-convert -mxl-float-sqrt -mxl-multiply-high -mxl-pattern-compare" "EXTRA_COMPILER_FLAGS=-ffunction-sections -fdata-sections -Wall -Wextra"
"Running Make include in microblaze_0/libsrc/uartlite_v3_2/src"
make -C microblaze_0/libsrc/uartlite_v3_2/src -s include  "SHELL=CMD" "COMPILER=mb-gcc" "ARCHIVER=mb-ar" "COMPILER_FLAGS=  -O2 -c -mcpu=v11.0 -mhard-float -mlittle-endian -mno-xl-soft-div -mno-xl-soft-mul -mxl-barrel-shift -mxl-float-convert -mxl-float-sqrt -mxl-multiply-high -mxl-pattern-compare" "EXTRA_COMPILER_FLAGS=-ffunction-sections -fdata-sections -Wall -Wextra"
"Running Make include in microblaze_0/libsrc/vtc_v8_0/src"
make -C microblaze_0/libsrc/vtc_v8_0/src -s include  "SHELL=CMD" "COMPILER=mb-gcc" "ARCHIVER=mb-ar" "COMPILER_FLAGS=  -O2 -c -mcpu=v11.0 -mhard-float -mlittle-endian -mno-xl-soft-div -mno-xl-soft-mul -mxl-barrel-shift -mxl-float-convert -mxl-float-sqrt -mxl-multiply-high -mxl-pattern-compare" "EXTRA_COMPILER_FLAGS=-ffunction-sections -fdata-sections -Wall -Wextra"
"Running Make libs in microblaze_0/libsrc/axidma_v9_8/src"
make -C microblaze_0/libsrc/axidma_v9_8/src -s libs  "SHELL=CMD" "COMPILER=mb-gcc" "ARCHIVER=mb-ar" "COMPILER_FLAGS=  -O2 -c -mcpu=v11.0 -mhard-float -mlittle-endian -mno-xl-soft-div -mno-xl-soft-mul -mxl-barrel-shift -mxl-float-convert -mxl-float-sqrt -mxl-multiply-high -mxl-pattern-compare" "EXTRA_COMPILER_FLAGS=-ffunction-sections -fdata-sections -Wall -Wextra"
"Compiling axidma"
mb-ar: creating ../../../lib/libxil.a
"Running Make libs in microblaze_0/libsrc/axivdma_v6_6/src"
make -C microblaze_0/libsrc/axivdma_v6_6/src -s libs  "SHELL=CMD" "COMPILER=mb-gcc" "ARCHIVER=mb-ar" "COMPILER_FLAGS=  -O2 -c -mcpu=v11.0 -mhard-float -mlittle-endian -mno-xl-soft-div -mno-xl-soft-mul -mxl-barrel-shift -mxl-float-convert -mxl-float-sqrt -mxl-multiply-high -mxl-pattern-compare" "EXTRA_COMPILER_FLAGS=-ffunction-sections -fdata-sections -Wall -Wextra"
"Compiling axivdma"
"Running Make libs in microblaze_0/libsrc/bram_v4_2/src"
make -C microblaze_0/libsrc/bram_v4_2/src -s libs  "SHELL=CMD" "COMPILER=mb-gcc" "ARCHIVER=mb-ar" "COMPILER_FLAGS=  -O2 -c -mcpu=v11.0 -mhard-float -mlittle-endian -mno-xl-soft-div -mno-xl-soft-mul -mxl-barrel-shift -mxl-float-convert -mxl-float-sqrt -mxl-multiply-high -mxl-pattern-compare" "EXTRA_COMPILER_FLAGS=-ffunction-sections -fdata-sections -Wall -Wextra"
"Compiling bram"
"Running Make libs in microblaze_0/libsrc/cpu_v2_8/src"
make -C microblaze_0/libsrc/cpu_v2_8/src -s libs  "SHELL=CMD" "COMPILER=mb-gcc" "ARCHIVER=mb-ar" "COMPILER_FLAGS=  -O2 -c -mcpu=v11.0 -mhard-float -mlittle-endian -mno-xl-soft-div -mno-xl-soft-mul -mxl-barrel-shift -mxl-float-convert -mxl-float-sqrt -mxl-multiply-high -mxl-pattern-compare" "EXTRA_COMPILER_FLAGS=-ffunction-sections -fdata-sections -Wall -Wextra"
"Compiling cpu"
"Running Make libs in microblaze_0/libsrc/gpio_v4_3/src"
make -C microblaze_0/libsrc/gpio_v4_3/src -s libs  "SHELL=CMD" "COMPILER=mb-gcc" "ARCHIVER=mb-ar" "COMPILER_FLAGS=  -O2 -c -mcpu=v11.0 -mhard-float -mlittle-endian -mno-xl-soft-div -mno-xl-soft-mul -mxl-barrel-shift -mxl-float-convert -mxl-float-sqrt -mxl-multiply-high -mxl-pattern-compare" "EXTRA_COMPILER_FLAGS=-ffunction-sections -fdata-sections -Wall -Wextra"
"Compiling gpio"
"Running Make libs in microblaze_0/libsrc/iic_v3_5/src"
make -C microblaze_0/libsrc/iic_v3_5/src -s libs  "SHELL=CMD" "COMPILER=mb-gcc" "ARCHIVER=mb-ar" "COMPILER_FLAGS=  -O2 -c -mcpu=v11.0 -mhard-float -mlittle-endian -mno-xl-soft-div -mno-xl-soft-mul -mxl-barrel-shift -mxl-float-convert -mxl-float-sqrt -mxl-multiply-high -mxl-pattern-compare" "EXTRA_COMPILER_FLAGS=-ffunction-sections -fdata-sections -Wall -Wextra"
"Compiling iic"
"Running Make libs in microblaze_0/libsrc/intc_v3_8/src"
make -C microblaze_0/libsrc/intc_v3_8/src -s libs  "SHELL=CMD" "COMPILER=mb-gcc" "ARCHIVER=mb-ar" "COMPILER_FLAGS=  -O2 -c -mcpu=v11.0 -mhard-float -mlittle-endian -mno-xl-soft-div -mno-xl-soft-mul -mxl-barrel-shift -mxl-float-convert -mxl-float-sqrt -mxl-multiply-high -mxl-pattern-compare" "EXTRA_COMPILER_FLAGS=-ffunction-sections -fdata-sections -Wall -Wextra"
"Compiling intc"
"Running Make libs in microblaze_0/libsrc/standalone_v6_8/src"
make -C microblaze_0/libsrc/standalone_v6_8/src -s libs  "SHELL=CMD" "COMPILER=mb-gcc" "ARCHIVER=mb-ar" "COMPILER_FLAGS=  -O2 -c -mcpu=v11.0 -mhard-float -mlittle-endian -mno-xl-soft-div -mno-xl-soft-mul -mxl-barrel-shift -mxl-float-convert -mxl-float-sqrt -mxl-multiply-high -mxl-pattern-compare" "EXTRA_COMPILER_FLAGS=-ffunction-sections -fdata-sections -Wall -Wextra"
"Compiling standalone";
microblaze_sleep.c:77:9: note: #pragma message: For the sleep routines, assembly instructions are used
 #pragma message ("For the sleep routines, assembly instructions are used")
         ^~~~~~~
"Running Make libs in microblaze_0/libsrc/tmrctr_v4_5/src"
make -C microblaze_0/libsrc/tmrctr_v4_5/src -s libs  "SHELL=CMD" "COMPILER=mb-gcc" "ARCHIVER=mb-ar" "COMPILER_FLAGS=  -O2 -c -mcpu=v11.0 -mhard-float -mlittle-endian -mno-xl-soft-div -mno-xl-soft-mul -mxl-barrel-shift -mxl-float-convert -mxl-float-sqrt -mxl-multiply-high -mxl-pattern-compare" "EXTRA_COMPILER_FLAGS=-ffunction-sections -fdata-sections -Wall -Wextra"
"Compiling tmrctr"
"Running Make libs in microblaze_0/libsrc/uartlite_v3_2/src"
make -C microblaze_0/libsrc/uartlite_v3_2/src -s libs  "SHELL=CMD" "COMPILER=mb-gcc" "ARCHIVER=mb-ar" "COMPILER_FLAGS=  -O2 -c -mcpu=v11.0 -mhard-float -mlittle-endian -mno-xl-soft-div -mno-xl-soft-mul -mxl-barrel-shift -mxl-float-convert -mxl-float-sqrt -mxl-multiply-high -mxl-pattern-compare" "EXTRA_COMPILER_FLAGS=-ffunction-sections -fdata-sections -Wall -Wextra"
"Compiling uartlite"
"Running Make libs in microblaze_0/libsrc/vtc_v8_0/src"
make -C microblaze_0/libsrc/vtc_v8_0/src -s libs  "SHELL=CMD" "COMPILER=mb-gcc" "ARCHIVER=mb-ar" "COMPILER_FLAGS=  -O2 -c -mcpu=v11.0 -mhard-float -mlittle-endian -mno-xl-soft-div -mno-xl-soft-mul -mxl-barrel-shift -mxl-float-convert -mxl-float-sqrt -mxl-multiply-high -mxl-pattern-compare" "EXTRA_COMPILER_FLAGS=-ffunction-sections -fdata-sections -Wall -Wextra"
"Compiling video timing controller"
'Finished building libraries'
23:24:08 **** Build of configuration Debug for project HDMI_DEMO ****
make all 
'Building file: ../src/helloworld.c'
'Invoking: MicroBlaze gcc compiler'
mb-gcc -Wall -O0 -g3 -c -fmessage-length=0 -MT"src/helloworld.o" -I../../HDMI_DEMO_bsp/microblaze_0/include -mlittle-endian -mxl-barrel-shift -mxl-pattern-compare -mno-xl-soft-div -mcpu=v11.0 -mno-xl-soft-mul -mxl-multiply-high -mhard-float -mxl-float-convert -mxl-float-sqrt -Wl,--no-relax -ffunction-sections -fdata-sections -MMD -MP -MF"src/helloworld.d" -MT"src/helloworld.o" -o "src/helloworld.o" "../src/helloworld.c"
'Finished building: ../src/helloworld.c'
' '
'Building file: ../src/platform.c'
'Invoking: MicroBlaze gcc compiler'
mb-gcc -Wall -O0 -g3 -c -fmessage-length=0 -MT"src/platform.o" -I../../HDMI_DEMO_bsp/microblaze_0/include -mlittle-endian -mxl-barrel-shift -mxl-pattern-compare -mno-xl-soft-div -mcpu=v11.0 -mno-xl-soft-mul -mxl-multiply-high -mhard-float -mxl-float-convert -mxl-float-sqrt -Wl,--no-relax -ffunction-sections -fdata-sections -MMD -MP -MF"src/platform.d" -MT"src/platform.o" -o "src/platform.o" "../src/platform.c"
'Finished building: ../src/platform.c'
' '
'Building target: HDMI_DEMO.elf'
'Invoking: MicroBlaze gcc linker'
mb-gcc -Wl,-T -Wl,../src/lscript.ld -L../../HDMI_DEMO_bsp/microblaze_0/lib -mlittle-endian -mxl-barrel-shift -mxl-pattern-compare -mno-xl-soft-div -mcpu=v11.0 -mno-xl-soft-mul -mxl-multiply-high -mhard-float -mxl-float-convert -mxl-float-sqrt -Wl,--no-relax -Wl,--gc-sections -o "HDMI_DEMO.elf"  ./src/helloworld.o ./src/platform.o   -Wl,--start-group,-lxil,-lgcc,-lc,--end-group
'Finished building target: HDMI_DEMO.elf'
' '
'Invoking: MicroBlaze Print Size'
mb-size HDMI_DEMO.elf  |tee "HDMI_DEMO.elf.size"
   text	   data	    bss	    dec	    hex	filename
   2842	    368	   3110	   6320	   18b0	HDMI_DEMO.elf
'Finished building: HDMI_DEMO.elf.size'
' '
23:26:28 **** Build of project HDMI_TEST_bsp ****
make -k all 
"Running Make include in microblaze_0/libsrc/axidma_v9_8/src"
make -C microblaze_0/libsrc/axidma_v9_8/src -s include  "SHELL=CMD" "COMPILER=mb-gcc" "ARCHIVER=mb-ar" "COMPILER_FLAGS=  -O2 -c -mcpu=v11.0 -mhard-float -mlittle-endian -mno-xl-soft-div -mno-xl-soft-mul -mxl-barrel-shift -mxl-float-convert -mxl-float-sqrt -mxl-multiply-high -mxl-pattern-compare" "EXTRA_COMPILER_FLAGS=-ffunction-sections -fdata-sections -Wall -Wextra"
"Running Make include in microblaze_0/libsrc/axivdma_v6_6/src"
make -C microblaze_0/libsrc/axivdma_v6_6/src -s include  "SHELL=CMD" "COMPILER=mb-gcc" "ARCHIVER=mb-ar" "COMPILER_FLAGS=  -O2 -c -mcpu=v11.0 -mhard-float -mlittle-endian -mno-xl-soft-div -mno-xl-soft-mul -mxl-barrel-shift -mxl-float-convert -mxl-float-sqrt -mxl-multiply-high -mxl-pattern-compare" "EXTRA_COMPILER_FLAGS=-ffunction-sections -fdata-sections -Wall -Wextra"
"Running Make include in microblaze_0/libsrc/bram_v4_2/src"
make -C microblaze_0/libsrc/bram_v4_2/src -s include  "SHELL=CMD" "COMPILER=mb-gcc" "ARCHIVER=mb-ar" "COMPILER_FLAGS=  -O2 -c -mcpu=v11.0 -mhard-float -mlittle-endian -mno-xl-soft-div -mno-xl-soft-mul -mxl-barrel-shift -mxl-float-convert -mxl-float-sqrt -mxl-multiply-high -mxl-pattern-compare" "EXTRA_COMPILER_FLAGS=-ffunction-sections -fdata-sections -Wall -Wextra"
"Running Make include in microblaze_0/libsrc/cpu_v2_8/src"
make -C microblaze_0/libsrc/cpu_v2_8/src -s include  "SHELL=CMD" "COMPILER=mb-gcc" "ARCHIVER=mb-ar" "COMPILER_FLAGS=  -O2 -c -mcpu=v11.0 -mhard-float -mlittle-endian -mno-xl-soft-div -mno-xl-soft-mul -mxl-barrel-shift -mxl-float-convert -mxl-float-sqrt -mxl-multiply-high -mxl-pattern-compare" "EXTRA_COMPILER_FLAGS=-ffunction-sections -fdata-sections -Wall -Wextra"
"Running Make include in microblaze_0/libsrc/gpio_v4_3/src"
make -C microblaze_0/libsrc/gpio_v4_3/src -s include  "SHELL=CMD" "COMPILER=mb-gcc" "ARCHIVER=mb-ar" "COMPILER_FLAGS=  -O2 -c -mcpu=v11.0 -mhard-float -mlittle-endian -mno-xl-soft-div -mno-xl-soft-mul -mxl-barrel-shift -mxl-float-convert -mxl-float-sqrt -mxl-multiply-high -mxl-pattern-compare" "EXTRA_COMPILER_FLAGS=-ffunction-sections -fdata-sections -Wall -Wextra"
"Running Make include in microblaze_0/libsrc/iic_v3_5/src"
make -C microblaze_0/libsrc/iic_v3_5/src -s include  "SHELL=CMD" "COMPILER=mb-gcc" "ARCHIVER=mb-ar" "COMPILER_FLAGS=  -O2 -c -mcpu=v11.0 -mhard-float -mlittle-endian -mno-xl-soft-div -mno-xl-soft-mul -mxl-barrel-shift -mxl-float-convert -mxl-float-sqrt -mxl-multiply-high -mxl-pattern-compare" "EXTRA_COMPILER_FLAGS=-ffunction-sections -fdata-sections -Wall -Wextra"
"Running Make include in microblaze_0/libsrc/intc_v3_8/src"
make -C microblaze_0/libsrc/intc_v3_8/src -s include  "SHELL=CMD" "COMPILER=mb-gcc" "ARCHIVER=mb-ar" "COMPILER_FLAGS=  -O2 -c -mcpu=v11.0 -mhard-float -mlittle-endian -mno-xl-soft-div -mno-xl-soft-mul -mxl-barrel-shift -mxl-float-convert -mxl-float-sqrt -mxl-multiply-high -mxl-pattern-compare" "EXTRA_COMPILER_FLAGS=-ffunction-sections -fdata-sections -Wall -Wextra"
"Running Make include in microblaze_0/libsrc/standalone_v6_8/src"
make -C microblaze_0/libsrc/standalone_v6_8/src -s include  "SHELL=CMD" "COMPILER=mb-gcc" "ARCHIVER=mb-ar" "COMPILER_FLAGS=  -O2 -c -mcpu=v11.0 -mhard-float -mlittle-endian -mno-xl-soft-div -mno-xl-soft-mul -mxl-barrel-shift -mxl-float-convert -mxl-float-sqrt -mxl-multiply-high -mxl-pattern-compare" "EXTRA_COMPILER_FLAGS=-ffunction-sections -fdata-sections -Wall -Wextra"
"Running Make include in microblaze_0/libsrc/tmrctr_v4_5/src"
make -C microblaze_0/libsrc/tmrctr_v4_5/src -s include  "SHELL=CMD" "COMPILER=mb-gcc" "ARCHIVER=mb-ar" "COMPILER_FLAGS=  -O2 -c -mcpu=v11.0 -mhard-float -mlittle-endian -mno-xl-soft-div -mno-xl-soft-mul -mxl-barrel-shift -mxl-float-convert -mxl-float-sqrt -mxl-multiply-high -mxl-pattern-compare" "EXTRA_COMPILER_FLAGS=-ffunction-sections -fdata-sections -Wall -Wextra"
"Running Make include in microblaze_0/libsrc/uartlite_v3_2/src"
make -C microblaze_0/libsrc/uartlite_v3_2/src -s include  "SHELL=CMD" "COMPILER=mb-gcc" "ARCHIVER=mb-ar" "COMPILER_FLAGS=  -O2 -c -mcpu=v11.0 -mhard-float -mlittle-endian -mno-xl-soft-div -mno-xl-soft-mul -mxl-barrel-shift -mxl-float-convert -mxl-float-sqrt -mxl-multiply-high -mxl-pattern-compare" "EXTRA_COMPILER_FLAGS=-ffunction-sections -fdata-sections -Wall -Wextra"
"Running Make include in microblaze_0/libsrc/vtc_v8_0/src"
make -C microblaze_0/libsrc/vtc_v8_0/src -s include  "SHELL=CMD" "COMPILER=mb-gcc" "ARCHIVER=mb-ar" "COMPILER_FLAGS=  -O2 -c -mcpu=v11.0 -mhard-float -mlittle-endian -mno-xl-soft-div -mno-xl-soft-mul -mxl-barrel-shift -mxl-float-convert -mxl-float-sqrt -mxl-multiply-high -mxl-pattern-compare" "EXTRA_COMPILER_FLAGS=-ffunction-sections -fdata-sections -Wall -Wextra"
"Running Make libs in microblaze_0/libsrc/axidma_v9_8/src"
make -C microblaze_0/libsrc/axidma_v9_8/src -s libs  "SHELL=CMD" "COMPILER=mb-gcc" "ARCHIVER=mb-ar" "COMPILER_FLAGS=  -O2 -c -mcpu=v11.0 -mhard-float -mlittle-endian -mno-xl-soft-div -mno-xl-soft-mul -mxl-barrel-shift -mxl-float-convert -mxl-float-sqrt -mxl-multiply-high -mxl-pattern-compare" "EXTRA_COMPILER_FLAGS=-ffunction-sections -fdata-sections -Wall -Wextra"
"Compiling axidma"
mb-ar: creating ../../../lib/libxil.a
"Running Make libs in microblaze_0/libsrc/axivdma_v6_6/src"
make -C microblaze_0/libsrc/axivdma_v6_6/src -s libs  "SHELL=CMD" "COMPILER=mb-gcc" "ARCHIVER=mb-ar" "COMPILER_FLAGS=  -O2 -c -mcpu=v11.0 -mhard-float -mlittle-endian -mno-xl-soft-div -mno-xl-soft-mul -mxl-barrel-shift -mxl-float-convert -mxl-float-sqrt -mxl-multiply-high -mxl-pattern-compare" "EXTRA_COMPILER_FLAGS=-ffunction-sections -fdata-sections -Wall -Wextra"
"Compiling axivdma"
"Running Make libs in microblaze_0/libsrc/bram_v4_2/src"
make -C microblaze_0/libsrc/bram_v4_2/src -s libs  "SHELL=CMD" "COMPILER=mb-gcc" "ARCHIVER=mb-ar" "COMPILER_FLAGS=  -O2 -c -mcpu=v11.0 -mhard-float -mlittle-endian -mno-xl-soft-div -mno-xl-soft-mul -mxl-barrel-shift -mxl-float-convert -mxl-float-sqrt -mxl-multiply-high -mxl-pattern-compare" "EXTRA_COMPILER_FLAGS=-ffunction-sections -fdata-sections -Wall -Wextra"
"Compiling bram"
"Running Make libs in microblaze_0/libsrc/cpu_v2_8/src"
make -C microblaze_0/libsrc/cpu_v2_8/src -s libs  "SHELL=CMD" "COMPILER=mb-gcc" "ARCHIVER=mb-ar" "COMPILER_FLAGS=  -O2 -c -mcpu=v11.0 -mhard-float -mlittle-endian -mno-xl-soft-div -mno-xl-soft-mul -mxl-barrel-shift -mxl-float-convert -mxl-float-sqrt -mxl-multiply-high -mxl-pattern-compare" "EXTRA_COMPILER_FLAGS=-ffunction-sections -fdata-sections -Wall -Wextra"
"Compiling cpu"
"Running Make libs in microblaze_0/libsrc/gpio_v4_3/src"
make -C microblaze_0/libsrc/gpio_v4_3/src -s libs  "SHELL=CMD" "COMPILER=mb-gcc" "ARCHIVER=mb-ar" "COMPILER_FLAGS=  -O2 -c -mcpu=v11.0 -mhard-float -mlittle-endian -mno-xl-soft-div -mno-xl-soft-mul -mxl-barrel-shift -mxl-float-convert -mxl-float-sqrt -mxl-multiply-high -mxl-pattern-compare" "EXTRA_COMPILER_FLAGS=-ffunction-sections -fdata-sections -Wall -Wextra"
"Compiling gpio"
"Running Make libs in microblaze_0/libsrc/iic_v3_5/src"
make -C microblaze_0/libsrc/iic_v3_5/src -s libs  "SHELL=CMD" "COMPILER=mb-gcc" "ARCHIVER=mb-ar" "COMPILER_FLAGS=  -O2 -c -mcpu=v11.0 -mhard-float -mlittle-endian -mno-xl-soft-div -mno-xl-soft-mul -mxl-barrel-shift -mxl-float-convert -mxl-float-sqrt -mxl-multiply-high -mxl-pattern-compare" "EXTRA_COMPILER_FLAGS=-ffunction-sections -fdata-sections -Wall -Wextra"
"Compiling iic"
"Running Make libs in microblaze_0/libsrc/intc_v3_8/src"
make -C microblaze_0/libsrc/intc_v3_8/src -s libs  "SHELL=CMD" "COMPILER=mb-gcc" "ARCHIVER=mb-ar" "COMPILER_FLAGS=  -O2 -c -mcpu=v11.0 -mhard-float -mlittle-endian -mno-xl-soft-div -mno-xl-soft-mul -mxl-barrel-shift -mxl-float-convert -mxl-float-sqrt -mxl-multiply-high -mxl-pattern-compare" "EXTRA_COMPILER_FLAGS=-ffunction-sections -fdata-sections -Wall -Wextra"
"Compiling intc"
"Running Make libs in microblaze_0/libsrc/standalone_v6_8/src"
make -C microblaze_0/libsrc/standalone_v6_8/src -s libs  "SHELL=CMD" "COMPILER=mb-gcc" "ARCHIVER=mb-ar" "COMPILER_FLAGS=  -O2 -c -mcpu=v11.0 -mhard-float -mlittle-endian -mno-xl-soft-div -mno-xl-soft-mul -mxl-barrel-shift -mxl-float-convert -mxl-float-sqrt -mxl-multiply-high -mxl-pattern-compare" "EXTRA_COMPILER_FLAGS=-ffunction-sections -fdata-sections -Wall -Wextra"
"Compiling standalone";
microblaze_sleep.c:77:9: note: #pragma message: For the sleep routines, assembly instructions are used
 #pragma message ("For the sleep routines, assembly instructions are used")
         ^~~~~~~
"Running Make libs in microblaze_0/libsrc/tmrctr_v4_5/src"
make -C microblaze_0/libsrc/tmrctr_v4_5/src -s libs  "SHELL=CMD" "COMPILER=mb-gcc" "ARCHIVER=mb-ar" "COMPILER_FLAGS=  -O2 -c -mcpu=v11.0 -mhard-float -mlittle-endian -mno-xl-soft-div -mno-xl-soft-mul -mxl-barrel-shift -mxl-float-convert -mxl-float-sqrt -mxl-multiply-high -mxl-pattern-compare" "EXTRA_COMPILER_FLAGS=-ffunction-sections -fdata-sections -Wall -Wextra"
"Compiling tmrctr"
"Running Make libs in microblaze_0/libsrc/uartlite_v3_2/src"
make -C microblaze_0/libsrc/uartlite_v3_2/src -s libs  "SHELL=CMD" "COMPILER=mb-gcc" "ARCHIVER=mb-ar" "COMPILER_FLAGS=  -O2 -c -mcpu=v11.0 -mhard-float -mlittle-endian -mno-xl-soft-div -mno-xl-soft-mul -mxl-barrel-shift -mxl-float-convert -mxl-float-sqrt -mxl-multiply-high -mxl-pattern-compare" "EXTRA_COMPILER_FLAGS=-ffunction-sections -fdata-sections -Wall -Wextra"
"Compiling uartlite"
"Running Make libs in microblaze_0/libsrc/vtc_v8_0/src"
make -C microblaze_0/libsrc/vtc_v8_0/src -s libs  "SHELL=CMD" "COMPILER=mb-gcc" "ARCHIVER=mb-ar" "COMPILER_FLAGS=  -O2 -c -mcpu=v11.0 -mhard-float -mlittle-endian -mno-xl-soft-div -mno-xl-soft-mul -mxl-barrel-shift -mxl-float-convert -mxl-float-sqrt -mxl-multiply-high -mxl-pattern-compare" "EXTRA_COMPILER_FLAGS=-ffunction-sections -fdata-sections -Wall -Wextra"
"Compiling video timing controller"
'Finished building libraries'

**** Build of configuration Debug for project HDMI_TEST ****

Nothing to build for project HDMI_TEST
23:27:19 **** Auto Build of configuration Debug for project HDMI_TEST ****
make all 
'Building file: ../src/video_capture/video_capture.c'
'Invoking: MicroBlaze gcc compiler'
mb-gcc -Wall -O0 -g3 -c -fmessage-length=0 -MT"src/video_capture/video_capture.o" -I../../HDMI_TEST_bsp/microblaze_0/include -mlittle-endian -mxl-barrel-shift -mxl-pattern-compare -mno-xl-soft-div -mcpu=v11.0 -mno-xl-soft-mul -mxl-multiply-high -mhard-float -mxl-float-convert -mxl-float-sqrt -Wl,--no-relax -ffunction-sections -fdata-sections -MMD -MP -MF"src/video_capture/video_capture.d" -MT"src/video_capture/video_capture.o" -o "src/video_capture/video_capture.o" "../src/video_capture/video_capture.c"
'Finished building: ../src/video_capture/video_capture.c'
' '
'Building file: ../src/timer_ps/timer_ps.c'
'Invoking: MicroBlaze gcc compiler'
mb-gcc -Wall -O0 -g3 -c -fmessage-length=0 -MT"src/timer_ps/timer_ps.o" -I../../HDMI_TEST_bsp/microblaze_0/include -mlittle-endian -mxl-barrel-shift -mxl-pattern-compare -mno-xl-soft-div -mcpu=v11.0 -mno-xl-soft-mul -mxl-multiply-high -mhard-float -mxl-float-convert -mxl-float-sqrt -Wl,--no-relax -ffunction-sections -fdata-sections -MMD -MP -MF"src/timer_ps/timer_ps.d" -MT"src/timer_ps/timer_ps.o" -o "src/timer_ps/timer_ps.o" "../src/timer_ps/timer_ps.c"
'Finished building: ../src/timer_ps/timer_ps.c'
' '
'Building file: ../src/intc/intc.c'
'Invoking: MicroBlaze gcc compiler'
mb-gcc -Wall -O0 -g3 -c -fmessage-length=0 -MT"src/intc/intc.o" -I../../HDMI_TEST_bsp/microblaze_0/include -mlittle-endian -mxl-barrel-shift -mxl-pattern-compare -mno-xl-soft-div -mcpu=v11.0 -mno-xl-soft-mul -mxl-multiply-high -mhard-float -mxl-float-convert -mxl-float-sqrt -Wl,--no-relax -ffunction-sections -fdata-sections -MMD -MP -MF"src/intc/intc.d" -MT"src/intc/intc.o" -o "src/intc/intc.o" "../src/intc/intc.c"
'Finished building: ../src/intc/intc.c'
' '
'Building file: ../src/dynclk/dynclk.c'
'Invoking: MicroBlaze gcc compiler'
mb-gcc -Wall -O0 -g3 -c -fmessage-length=0 -MT"src/dynclk/dynclk.o" -I../../HDMI_TEST_bsp/microblaze_0/include -mlittle-endian -mxl-barrel-shift -mxl-pattern-compare -mno-xl-soft-div -mcpu=v11.0 -mno-xl-soft-mul -mxl-multiply-high -mhard-float -mxl-float-convert -mxl-float-sqrt -Wl,--no-relax -ffunction-sections -fdata-sections -MMD -MP -MF"src/dynclk/dynclk.d" -MT"src/dynclk/dynclk.o" -o "src/dynclk/dynclk.o" "../src/dynclk/dynclk.c"
'Finished building: ../src/dynclk/dynclk.c'
' '
'Building file: ../src/display_ctrl/display_ctrl.c'
'Invoking: MicroBlaze gcc compiler'
mb-gcc -Wall -O0 -g3 -c -fmessage-length=0 -MT"src/display_ctrl/display_ctrl.o" -I../../HDMI_TEST_bsp/microblaze_0/include -mlittle-endian -mxl-barrel-shift -mxl-pattern-compare -mno-xl-soft-div -mcpu=v11.0 -mno-xl-soft-mul -mxl-multiply-high -mhard-float -mxl-float-convert -mxl-float-sqrt -Wl,--no-relax -ffunction-sections -fdata-sections -MMD -MP -MF"src/display_ctrl/display_ctrl.d" -MT"src/display_ctrl/display_ctrl.o" -o "src/display_ctrl/display_ctrl.o" "../src/display_ctrl/display_ctrl.c"
'Finished building: ../src/display_ctrl/display_ctrl.c'
' '
'Building file: ../src/video_demo.c'
'Invoking: MicroBlaze gcc compiler'
mb-gcc -Wall -O0 -g3 -c -fmessage-length=0 -MT"src/video_demo.o" -I../../HDMI_TEST_bsp/microblaze_0/include -mlittle-endian -mxl-barrel-shift -mxl-pattern-compare -mno-xl-soft-div -mcpu=v11.0 -mno-xl-soft-mul -mxl-multiply-high -mhard-float -mxl-float-convert -mxl-float-sqrt -Wl,--no-relax -ffunction-sections -fdata-sections -MMD -MP -MF"src/video_demo.d" -MT"src/video_demo.o" -o "src/video_demo.o" "../src/video_demo.c"
In file included from ../src/video_demo.c:30:0:
../src/video_demo.c:52:26: error: 'XPAR_INTC_0_GPIO_0_VEC_ID' undeclared here (not in a function); did you mean 'XPAR_INTC_0_GPIO_1_VEC_ID'?
 #define VID_GPIO_IRPT_ID XPAR_INTC_0_GPIO_0_VEC_ID
                          ^
../src/video_capture/video_capture.h:104:3: note: in definition of macro 'videoGpioIvt'
  {x, (XInterruptHandler)GpioIsr, y, 0xA0, 0x3}
   ^
../src/video_demo.c:79:15: note: in expansion of macro 'VID_GPIO_IRPT_ID'
  videoGpioIvt(VID_GPIO_IRPT_ID, &videoCapt),
               ^~~~~~~~~~~~~~~~
make: *** [src/subdir.mk:23: src/video_demo.o] Error 1
23:28:11 **** Auto Build of configuration Debug for project HDMI_TEST ****
make all 
'Building file: ../src/PmodGYRO.c'
'Invoking: MicroBlaze gcc compiler'
mb-gcc -Wall -O0 -g3 -c -fmessage-length=0 -MT"src/PmodGYRO.o" -I../../HDMI_TEST_bsp/microblaze_0/include -mlittle-endian -mxl-barrel-shift -mxl-pattern-compare -mno-xl-soft-div -mcpu=v11.0 -mno-xl-soft-mul -mxl-multiply-high -mhard-float -mxl-float-convert -mxl-float-sqrt -Wl,--no-relax -ffunction-sections -fdata-sections -MMD -MP -MF"src/PmodGYRO.d" -MT"src/PmodGYRO.o" -o "src/PmodGYRO.o" "../src/PmodGYRO.c"
'Finished building: ../src/PmodGYRO.c'
' '
'Building file: ../src/video_demo.c'
'Invoking: MicroBlaze gcc compiler'
mb-gcc -Wall -O0 -g3 -c -fmessage-length=0 -MT"src/video_demo.o" -I../../HDMI_TEST_bsp/microblaze_0/include -mlittle-endian -mxl-barrel-shift -mxl-pattern-compare -mno-xl-soft-div -mcpu=v11.0 -mno-xl-soft-mul -mxl-multiply-high -mhard-float -mxl-float-convert -mxl-float-sqrt -Wl,--no-relax -ffunction-sections -fdata-sections -MMD -MP -MF"src/video_demo.d" -MT"src/video_demo.o" -o "src/video_demo.o" "../src/video_demo.c"
In file included from ../src/video_demo.c:30:0:
../src/video_demo.c:52:26: error: 'XPAR_INTC_0_GPIO_0_VEC_ID' undeclared here (not in a function); did you mean 'XPAR_INTC_0_GPIO_1_VEC_ID'?
 #define VID_GPIO_IRPT_ID XPAR_INTC_0_GPIO_0_VEC_ID
                          ^
../src/video_capture/video_capture.h:104:3: note: in definition of macro 'videoGpioIvt'
  {x, (XInterruptHandler)GpioIsr, y, 0xA0, 0x3}
   ^
../src/video_demo.c:79:15: note: in expansion of macro 'VID_GPIO_IRPT_ID'
  videoGpioIvt(VID_GPIO_IRPT_ID, &videoCapt),
               ^~~~~~~~~~~~~~~~
make: *** [src/subdir.mk:32: src/video_demo.o] Error 1
23:28:26 **** Auto Build of configuration Debug for project HDMI_TEST ****
make all 
'Building file: ../src/video_demo.c'
'Invoking: MicroBlaze gcc compiler'
mb-gcc -Wall -O0 -g3 -c -fmessage-length=0 -MT"src/video_demo.o" -I../../HDMI_TEST_bsp/microblaze_0/include -mlittle-endian -mxl-barrel-shift -mxl-pattern-compare -mno-xl-soft-div -mcpu=v11.0 -mno-xl-soft-mul -mxl-multiply-high -mhard-float -mxl-float-convert -mxl-float-sqrt -Wl,--no-relax -ffunction-sections -fdata-sections -MMD -MP -MF"src/video_demo.d" -MT"src/video_demo.o" -o "src/video_demo.o" "../src/video_demo.c"
In file included from ../src/video_demo.c:30:0:
../src/video_demo.c:53:26: error: 'XPAR_INTC_0_GPIO_0_VEC_ID' undeclared here (not in a function); did you mean 'XPAR_INTC_0_GPIO_1_VEC_ID'?
 #define VID_GPIO_IRPT_ID XPAR_INTC_0_GPIO_0_VEC_ID
                          ^
../src/video_capture/video_capture.h:104:3: note: in definition of macro 'videoGpioIvt'
  {x, (XInterruptHandler)GpioIsr, y, 0xA0, 0x3}
   ^
../src/video_demo.c:92:15: note: in expansion of macro 'VID_GPIO_IRPT_ID'
  videoGpioIvt(VID_GPIO_IRPT_ID, &videoCapt),
               ^~~~~~~~~~~~~~~~
../src/video_demo.c:99:1: error: unknown type name 'XAxiDma'; did you mean 'XAxiVdma'?
 XAxiDma AxiDma;
 ^~~~~~~
 XAxiVdma
../src/video_demo.c:112:1: error: unknown type name 'XIic'; did you mean 'XIntc'?
 XIic IicInstance;
 ^~~~
 XIntc
../src/video_demo.c: In function 'ov7670_write_reg':
../src/video_demo.c:298:14: warning: implicit declaration of function 'XIic_Send' [-Wimplicit-function-declaration]
     Status = XIic_Send(IicInstance.BaseAddress, OV7670_I2C_ADDR,
              ^~~~~~~~~
../src/video_demo.c:298:35: error: request for member 'BaseAddress' in something not a structure or union
     Status = XIic_Send(IicInstance.BaseAddress, OV7670_I2C_ADDR,
                                   ^
../src/video_demo.c:299:42: error: 'XIIC_STOP' undeclared (first use in this function)
                          WriteBuffer, 2, XIIC_STOP);
                                          ^~~~~~~~~
../src/video_demo.c:299:42: note: each undeclared identifier is reported only once for each function it appears in
../src/video_demo.c:306:12: warning: implicit declaration of function 'XIic_IsIicBusy' [-Wimplicit-function-declaration]
     while (XIic_IsIicBusy(IicInstance.BaseAddress));
            ^~~~~~~~~~~~~~
../src/video_demo.c:306:38: error: request for member 'BaseAddress' in something not a structure or union
     while (XIic_IsIicBusy(IicInstance.BaseAddress));
                                      ^
../src/video_demo.c: In function 'camera_config':
../src/video_demo.c:312:2: error: unknown type name 'XIic_Config'; did you mean 'XIntc_Config'?
  XIic_Config *Config;
  ^~~~~~~~~~~
  XIntc_Config
../src/video_demo.c:317:11: warning: implicit declaration of function 'XIic_LookupConfig'; did you mean 'XIntc_LookupConfig'? [-Wimplicit-function-declaration]
  Config = XIic_LookupConfig(XPAR_AXI_IIC_0_DEVICE_ID);
           ^~~~~~~~~~~~~~~~~
           XIntc_LookupConfig
../src/video_demo.c:317:9: warning: assignment makes pointer from integer without a cast [-Wint-conversion]
  Config = XIic_LookupConfig(XPAR_AXI_IIC_0_DEVICE_ID);
         ^
../src/video_demo.c:323:11: warning: implicit declaration of function 'XIic_CfgInitialize'; did you mean 'XVtc_CfgInitialize'? [-Wimplicit-function-declaration]
  Status = XIic_CfgInitialize(&IicInstance, Config, Config->BaseAddress);
           ^~~~~~~~~~~~~~~~~~
           XVtc_CfgInitialize
../src/video_demo.c:323:58: error: request for member 'BaseAddress' in something not a structure or union
  Status = XIic_CfgInitialize(&IicInstance, Config, Config->BaseAddress);
                                                          ^~
../src/video_demo.c:329:2: warning: implicit declaration of function 'XIic_Start'; did you mean 'XIntc_Start'? [-Wimplicit-function-declaration]
  XIic_Start(&IicInstance);  // Start the I2C interface
  ^~~~~~~~~~
  XIntc_Start
../src/video_demo.c: In function 'camera_dma_stop':
../src/video_demo.c:412:6: warning: variable 'Status' set but not used [-Wunused-but-set-variable]
  int Status;
      ^~~~~~
../src/video_demo.c: In function 'store_image_to_buffer_and_ip_buffer':
../src/video_demo.c:564:3: error: unknown type name 'bool'; did you mean '_Bool'?
   bool is_first = current_image_index == 0;
   ^~~~
   _Bool
../src/video_demo.c:565:3: error: unknown type name 'bool'; did you mean '_Bool'?
   bool is_last = current_image_index == NUM_IMAGES - 1;
   ^~~~
   _Bool
../src/video_demo.c:627:3: warning: implicit declaration of function 'image_processor_begin_write' [-Wimplicit-function-declaration]
   image_processor_begin_write();
   ^~~~~~~~~~~~~~~~~~~~~~~~~~~
../src/video_demo.c:630:3: warning: implicit declaration of function 'image_processor_wait_until_done' [-Wimplicit-function-declaration]
   image_processor_wait_until_done();
   ^~~~~~~~~~~~~~~~~~~~~~~~~~~~~~~
../src/video_demo.c:673:3: warning: implicit declaration of function 'image_processor_begin_read' [-Wimplicit-function-declaration]
   image_processor_begin_read();
   ^~~~~~~~~~~~~~~~~~~~~~~~~~
../src/video_demo.c: In function 'convert_centres_and_edges_to_row_major':
../src/video_demo.c:691:4: error: 'edge_right' undeclared (first use in this function)
    edge_right = edge_column_offset;
    ^~~~~~~~~~
../src/video_demo.c:691:4: warning: statement with no effect [-Wunused-value]
../src/video_demo.c:692:4: error: 'edge_left' undeclared (first use in this function); did you mean 'edge_right'?
    edge_left = edge_column_offset + 3 * 480 * BLUR_WIDTH;
    ^~~~~~~~~
    edge_right
../src/video_demo.c:692:4: warning: statement with no effect [-Wunused-value]
../src/video_demo.c:695:62: error: array subscript is not an integer
    full_image_buffer[i][out_index] = edge_buffers_pointers[i][edge_left];
                                                              ^
../src/video_demo.c:695:36: warning: assignment makes integer from pointer without a cast [-Wint-conversion]
    full_image_buffer[i][out_index] = edge_buffers_pointers[i][edge_left];
                                    ^
../src/video_demo.c:696:64: error: array subscript is not an integer
    full_image_buffer[i][out_index+1] = edge_buffers_pointers[i][edge_left+1];
                                                                ^
../src/video_demo.c:696:38: warning: assignment makes integer from pointer without a cast [-Wint-conversion]
    full_image_buffer[i][out_index+1] = edge_buffers_pointers[i][edge_left+1];
                                      ^
../src/video_demo.c:697:64: error: array subscript is not an integer
    full_image_buffer[i][out_index+2] = edge_buffers_pointers[i][edge_left+2];
                                                                ^
../src/video_demo.c:697:38: warning: assignment makes integer from pointer without a cast [-Wint-conversion]
    full_image_buffer[i][out_index+2] = edge_buffers_pointers[i][edge_left+2];
                                      ^
../src/video_demo.c:698:4: warning: statement with no effect [-Wunused-value]
    edge_left += 3 * 480;
    ^~~~~~~~~
../src/video_demo.c:700:64: error: array subscript is not an integer
    full_image_buffer[i][out_index] = edge_buffers_pointers[i+1][edge_right];
                                                                ^
../src/video_demo.c:700:36: warning: assignment makes integer from pointer without a cast [-Wint-conversion]
    full_image_buffer[i][out_index] = edge_buffers_pointers[i+1][edge_right];
                                    ^
../src/video_demo.c:701:66: error: array subscript is not an integer
    full_image_buffer[i][out_index+1] = edge_buffers_pointers[i+1][edge_right+1];
                                                                  ^
../src/video_demo.c:701:38: warning: assignment makes integer from pointer without a cast [-Wint-conversion]
    full_image_buffer[i][out_index+1] = edge_buffers_pointers[i+1][edge_right+1];
                                      ^
../src/video_demo.c:702:66: error: array subscript is not an integer
    full_image_buffer[i][out_index+2] = edge_buffers_pointers[i+1][edge_right+2];
                                                                  ^
../src/video_demo.c:702:38: warning: assignment makes integer from pointer without a cast [-Wint-conversion]
    full_image_buffer[i][out_index+2] = edge_buffers_pointers[i+1][edge_right+2];
                                      ^
../src/video_demo.c:703:4: warning: statement with no effect [-Wunused-value]
    edge_right += 3 * 480;
    ^~~~~~~~~~
../src/video_demo.c: In function 'image_processor_dma_init':
../src/video_demo.c:800:2: error: unknown type name 'XaxiDma_Config'; did you mean 'XAxiVdma_Config'?
  XaxiDma_Config *Config;
  ^~~~~~~~~~~~~~
  XAxiVdma_Config
../src/video_demo.c:804:11: warning: implicit declaration of function 'XAxiDma_LookupConfig'; did you mean 'XAxiVdma_LookupConfig'? [-Wimplicit-function-declaration]
  Config = XAxiDma_LookupConfig(XPAR_AXIDMA_0_DEVICE_ID);
           ^~~~~~~~~~~~~~~~~~~~
           XAxiVdma_LookupConfig
../src/video_demo.c:804:9: warning: assignment makes pointer from integer without a cast [-Wint-conversion]
  Config = XAxiDma_LookupConfig(XPAR_AXIDMA_0_DEVICE_ID);
         ^
../src/video_demo.c:809:11: warning: implicit declaration of function 'XAxiDma_CfgInitialize'; did you mean 'XAxiVdma_CfgInitialize'? [-Wimplicit-function-declaration]
  Status = XAxiDma_CfgInitialize(&AxiDma, Config);
           ^~~~~~~~~~~~~~~~~~~~~
           XAxiVdma_CfgInitialize
../src/video_demo.c:816:2: warning: implicit declaration of function 'XAxiDma_IntrDisable'; did you mean 'XAxiVdma_IntrDisable'? [-Wimplicit-function-declaration]
  XAxiDma_IntrDisable(&AxiDma, XAXIDMA_IRQ_ALL_MASK, XAXIDMA_DEVICE_TO_DMA);
  ^~~~~~~~~~~~~~~~~~~
  XAxiVdma_IntrDisable
../src/video_demo.c:816:31: error: 'XAXIDMA_IRQ_ALL_MASK' undeclared (first use in this function); did you mean 'XAXIVDMA_IXR_ALL_MASK'?
  XAxiDma_IntrDisable(&AxiDma, XAXIDMA_IRQ_ALL_MASK, XAXIDMA_DEVICE_TO_DMA);
                               ^~~~~~~~~~~~~~~~~~~~
                               XAXIVDMA_IXR_ALL_MASK
../src/video_demo.c:816:53: error: 'XAXIDMA_DEVICE_TO_DMA' undeclared (first use in this function); did you mean 'XAXIVDMA_DEVICE_READY'?
  XAxiDma_IntrDisable(&AxiDma, XAXIDMA_IRQ_ALL_MASK, XAXIDMA_DEVICE_TO_DMA);
                                                     ^~~~~~~~~~~~~~~~~~~~~
                                                     XAXIVDMA_DEVICE_READY
../src/video_demo.c:817:53: error: 'XAXIDMA_DMA_TO_DEVICE' undeclared (first use in this function); did you mean 'XAXIVDMA_MAX_STRIDE'?
  XAxiDma_IntrDisable(&AxiDma, XAXIDMA_IRQ_ALL_MASK, XAXIDMA_DMA_TO_DEVICE);
                                                     ^~~~~~~~~~~~~~~~~~~~~
                                                     XAXIVDMA_MAX_STRIDE
../src/video_demo.c: In function 'image_processor_begin_write':
../src/video_demo.c:825:15: warning: implicit declaration of function 'XAxiDma_SimpleTransfer'; did you mean 'XSpi_Transfer'? [-Wimplicit-function-declaration]
  int Status = XAxiDma_SimpleTransfer(&AxiDma, (u32) image_processor_input_buffer, transfer_bytes, XAXIDMA_DMA_TO_DEVICE);
               ^~~~~~~~~~~~~~~~~~~~~~
               XSpi_Transfer
../src/video_demo.c:825:99: error: 'XAXIDMA_DMA_TO_DEVICE' undeclared (first use in this function); did you mean 'XAXIVDMA_MAX_STRIDE'?
  int Status = XAxiDma_SimpleTransfer(&AxiDma, (u32) image_processor_input_buffer, transfer_bytes, XAXIDMA_DMA_TO_DEVICE);
                                                                                                   ^~~~~~~~~~~~~~~~~~~~~
                                                                                                   XAXIVDMA_MAX_STRIDE
../src/video_demo.c: In function 'image_processor_begin_read':
../src/video_demo.c:836:100: error: 'XAXIDMA_DEVICE_TO_DMA' undeclared (first use in this function); did you mean 'XAXIVDMA_DEVICE_READY'?
  int Status = XAxiDma_SimpleTransfer(&AxiDma, (u32) image_processor_output_buffer, transfer_bytes, XAXIDMA_DEVICE_TO_DMA);
                                                                                                    ^~~~~~~~~~~~~~~~~~~~~
                                                                                                    XAXIVDMA_DEVICE_READY
../src/video_demo.c: In function 'image_processor_wait_until_done':
../src/video_demo.c:847:9: warning: implicit declaration of function 'XAxiDma_Busy'; did you mean 'XAxiVdma_IsBusy'? [-Wimplicit-function-declaration]
  while (XAxiDma_Busy(&AxiDma, XAXIDMA_DMA_TO_DEVICE) || XAxiDma_Busy(&AxiDma, XAXIDMA_DEVICE_TO_DMA)) {
         ^~~~~~~~~~~~
         XAxiVdma_IsBusy
../src/video_demo.c:847:31: error: 'XAXIDMA_DMA_TO_DEVICE' undeclared (first use in this function); did you mean 'XAXIVDMA_MAX_STRIDE'?
  while (XAxiDma_Busy(&AxiDma, XAXIDMA_DMA_TO_DEVICE) || XAxiDma_Busy(&AxiDma, XAXIDMA_DEVICE_TO_DMA)) {
                               ^~~~~~~~~~~~~~~~~~~~~
                               XAXIVDMA_MAX_STRIDE
../src/video_demo.c:847:79: error: 'XAXIDMA_DEVICE_TO_DMA' undeclared (first use in this function); did you mean 'XAXIVDMA_DEVICE_READY'?
  while (XAxiDma_Busy(&AxiDma, XAXIDMA_DMA_TO_DEVICE) || XAxiDma_Busy(&AxiDma, XAXIDMA_DEVICE_TO_DMA)) {
                                                                               ^~~~~~~~~~~~~~~~~~~~~
                                                                               XAXIVDMA_DEVICE_READY
../src/video_demo.c:850:11: warning: implicit declaration of function 'XAxiDma_GetError'; did you mean 'XAxiVdma_GetFrmStore'? [-Wimplicit-function-declaration]
  Status = XAxiDma_GetError(&AxiDma, XAXIDMA_DMA_TO_DEVICE);
           ^~~~~~~~~~~~~~~~
           XAxiVdma_GetFrmStore
../src/video_demo.c: In function 'GyroInitialize':
../src/video_demo.c:867:3: warning: implicit declaration of function 'EnableCaches' [-Wimplicit-function-declaration]
   EnableCaches();
   ^~~~~~~~~~~~
../src/video_demo.c:868:27: error: 'XPAR_PMODGYRO_0_AXI_LITE_SPI_BASEADDR' undeclared (first use in this function); did you mean 'XPAR_AXI_UARTLITE_0_BASEADDR'?
   GYRO_begin(&gyroDevice, XPAR_PMODGYRO_0_AXI_LITE_SPI_BASEADDR, XPAR_PMODGYRO_0_AXI_LITE_GPIO_BASEADDR);
                           ^~~~~~~~~~~~~~~~~~~~~~~~~~~~~~~~~~~~~
                           XPAR_AXI_UARTLITE_0_BASEADDR
../src/video_demo.c:868:66: error: 'XPAR_PMODGYRO_0_AXI_LITE_GPIO_BASEADDR' undeclared (first use in this function); did you mean 'XPAR_PMODGYRO_0_AXI_LITE_SPI_BASEADDR'?
   GYRO_begin(&gyroDevice, XPAR_PMODGYRO_0_AXI_LITE_SPI_BASEADDR, XPAR_PMODGYRO_0_AXI_LITE_GPIO_BASEADDR);
                                                                  ^~~~~~~~~~~~~~~~~~~~~~~~~~~~~~~~~~~~~~
                                                                  XPAR_PMODGYRO_0_AXI_LITE_SPI_BASEADDR
../src/video_demo.c:868:27: warning: passing argument 2 of 'GYRO_begin' makes integer from pointer without a cast [-Wint-conversion]
   GYRO_begin(&gyroDevice, XPAR_PMODGYRO_0_AXI_LITE_SPI_BASEADDR, XPAR_PMODGYRO_0_AXI_LITE_GPIO_BASEADDR);
                           ^~~~~~~~~~~~~~~~~~~~~~~~~~~~~~~~~~~~~
In file included from ../src/video_demo.c:43:0:
../src/PmodGYRO.h:128:11: note: expected 'u32 {aka long unsigned int}' but argument is of type 'const ivt_t * {aka const struct <anonymous> *}'
 GYRO_bool GYRO_begin(PmodGYRO* InstancePtr, u32 SPI_Address, u32 GPIO_Address);
           ^~~~~~~~~~
../src/video_demo.c:868:66: warning: passing argument 3 of 'GYRO_begin' makes integer from pointer without a cast [-Wint-conversion]
   GYRO_begin(&gyroDevice, XPAR_PMODGYRO_0_AXI_LITE_SPI_BASEADDR, XPAR_PMODGYRO_0_AXI_LITE_GPIO_BASEADDR);
                                                                  ^~~~~~~~~~~~~~~~~~~~~~~~~~~~~~~~~~~~~~
In file included from ../src/video_demo.c:43:0:
../src/PmodGYRO.h:128:11: note: expected 'u32 {aka long unsigned int}' but argument is of type 'const ivt_t * {aka const struct <anonymous> *}'
 GYRO_bool GYRO_begin(PmodGYRO* InstancePtr, u32 SPI_Address, u32 GPIO_Address);
           ^~~~~~~~~~
../src/video_demo.c: In function 'delta_angle':
../src/video_demo.c:881:26: error: 'myDevice' undeclared (first use in this function); did you mean 'gyroDevice'?
  while (GYRO_Int2Status(&myDevice) == 0);
                          ^~~~~~~~
                          gyroDevice
../src/video_demo.c:881:25: warning: passing argument 1 of 'GYRO_Int2Status' from incompatible pointer type [-Wincompatible-pointer-types]
  while (GYRO_Int2Status(&myDevice) == 0);
                         ^
In file included from ../src/video_demo.c:43:0:
../src/PmodGYRO.h:111:11: note: expected 'PmodGYRO * {aka struct PmodGYRO *}' but argument is of type 'const ivt_t (*)[1] {aka const struct <anonymous> (*)[1]}'
 GYRO_bool GYRO_Int2Status(PmodGYRO *InstancePtr);
           ^~~~~~~~~~~~~~~
../src/video_demo.c:882:20: warning: passing argument 1 of 'GYRO_getZ' from incompatible pointer type [-Wincompatible-pointer-types]
  zAxis = GYRO_getZ(&myDevice);
                    ^
In file included from ../src/video_demo.c:43:0:
../src/PmodGYRO.h:115:9: note: expected 'PmodGYRO * {aka struct PmodGYRO *}' but argument is of type 'const ivt_t (*)[1] {aka const struct <anonymous> (*)[1]}'
 int16_t GYRO_getZ(PmodGYRO *InstancePtr);
         ^~~~~~~~~
../src/video_demo.c: In function 'main':
../src/video_demo.c:937:50: error: 'BTNInst' undeclared (first use in this function)
   int current_button_state = XGpio_DiscreteRead(&BTNInst, 1); // TODO: choose the correct button
                                                  ^~~~~~~
../src/video_demo.c:937:49: warning: passing argument 1 of 'XGpio_DiscreteRead' from incompatible pointer type [-Wincompatible-pointer-types]
   int current_button_state = XGpio_DiscreteRead(&BTNInst, 1); // TODO: choose the correct button
                                                 ^
In file included from ../src/video_capture/video_capture.h:77:0,
                 from ../src/video_demo.c:30:
../../HDMI_TEST_bsp/microblaze_0/include/xgpio.h:179:5: note: expected 'XGpio * {aka struct <anonymous> *}' but argument is of type 'const ivt_t (*)[1] {aka const struct <anonymous> (*)[1]}'
 u32 XGpio_DiscreteRead(XGpio *InstancePtr, unsigned Channel);
     ^~~~~~~~~~~~~~~~~~
../src/video_demo.c:956:55: warning: passing argument 1 of 'XGpio_DiscreteRead' from incompatible pointer type [-Wincompatible-pointer-types]
    int current_left_button_state = XGpio_DiscreteRead(&BTNInst, 1); // TODO: choose the correct button
                                                       ^
In file included from ../src/video_capture/video_capture.h:77:0,
                 from ../src/video_demo.c:30:
../../HDMI_TEST_bsp/microblaze_0/include/xgpio.h:179:5: note: expected 'XGpio * {aka struct <anonymous> *}' but argument is of type 'const ivt_t (*)[1] {aka const struct <anonymous> (*)[1]}'
 u32 XGpio_DiscreteRead(XGpio *InstancePtr, unsigned Channel);
     ^~~~~~~~~~~~~~~~~~
../src/video_demo.c:964:56: warning: passing argument 1 of 'XGpio_DiscreteRead' from incompatible pointer type [-Wincompatible-pointer-types]
    int current_right_button_state = XGpio_DiscreteRead(&BTNInst, 1); // TODO: choose the correct button
                                                        ^
In file included from ../src/video_capture/video_capture.h:77:0,
                 from ../src/video_demo.c:30:
../../HDMI_TEST_bsp/microblaze_0/include/xgpio.h:179:5: note: expected 'XGpio * {aka struct <anonymous> *}' but argument is of type 'const ivt_t (*)[1] {aka const struct <anonymous> (*)[1]}'
 u32 XGpio_DiscreteRead(XGpio *InstancePtr, unsigned Channel);
     ^~~~~~~~~~~~~~~~~~
../src/video_demo.c:930:6: warning: variable 'started' set but not used [-Wunused-but-set-variable]
  int started = 0;
      ^~~~~~~
../src/video_demo.c: In function 'compute_new_begin_col':
../src/video_demo.c:792:1: warning: control reaches end of non-void function [-Wreturn-type]
 }
 ^
make: *** [src/subdir.mk:32: src/video_demo.o] Error 1
23:28:31 **** Auto Build of configuration Debug for project HDMI_TEST ****
make all 
'Building file: ../src/video_demo.c'
'Invoking: MicroBlaze gcc compiler'
mb-gcc -Wall -O0 -g3 -c -fmessage-length=0 -MT"src/video_demo.o" -I../../HDMI_TEST_bsp/microblaze_0/include -mlittle-endian -mxl-barrel-shift -mxl-pattern-compare -mno-xl-soft-div -mcpu=v11.0 -mno-xl-soft-mul -mxl-multiply-high -mhard-float -mxl-float-convert -mxl-float-sqrt -Wl,--no-relax -ffunction-sections -fdata-sections -MMD -MP -MF"src/video_demo.d" -MT"src/video_demo.o" -o "src/video_demo.o" "../src/video_demo.c"
In file included from ../src/video_demo.c:30:0:
../src/video_demo.c:91:15: error: 'VID_GPIO_IRPT_ID' undeclared here (not in a function); did you mean 'VID_VTC_IRPT_ID'?
  videoGpioIvt(VID_GPIO_IRPT_ID, &videoCapt),
               ^
../src/video_capture/video_capture.h:104:3: note: in definition of macro 'videoGpioIvt'
  {x, (XInterruptHandler)GpioIsr, y, 0xA0, 0x3}
   ^
[...]
'Invoking: MicroBlaze gcc compiler'
mb-gcc -Wall -O0 -g3 -c -fmessage-length=0 -MT"src/video_demo.o" -I../../HDMI_TEST_bsp/microblaze_0/include -mlittle-endian -mxl-barrel-shift -mxl-pattern-compare -mno-xl-soft-div -mcpu=v11.0 -mno-xl-soft-mul -mxl-multiply-high -mhard-float -mxl-float-convert -mxl-float-sqrt -Wl,--no-relax -ffunction-sections -fdata-sections -MMD -MP -MF"src/video_demo.d" -MT"src/video_demo.o" -o "src/video_demo.o" "../src/video_demo.c"
../src/video_demo.c: In function 'ov7670_write_reg':
../src/video_demo.c:307:27: warning: passing argument 1 of 'XIic_IsIicBusy' makes pointer from integer without a cast [-Wint-conversion]
     while (XIic_IsIicBusy(IicInstance.BaseAddress));
                           ^~~~~~~~~~~
In file included from ../src/video_demo.c:45:0:
../../HDMI_TEST_bsp/microblaze_0/include/xiic.h:511:19: note: expected 'XIic * {aka struct <anonymous> *}' but argument is of type 'UINTPTR {aka unsigned int}'
 static inline u32 XIic_IsIicBusy(XIic *InstancePtr)
                   ^~~~~~~~~~~~~~
../src/video_demo.c: In function 'camera_dma_stop':
../src/video_demo.c:413:6: warning: variable 'Status' set but not used [-Wunused-but-set-variable]
  int Status;
      ^~~~~~
../src/video_demo.c: In function 'store_image_to_buffer_and_ip_buffer':
../src/video_demo.c:600:3: warning: implicit declaration of function 'image_processor_begin_write' [-Wimplicit-function-declaration]
   image_processor_begin_write();
   ^~~~~~~~~~~~~~~~~~~~~~~~~~~
../src/video_demo.c:603:3: warning: implicit declaration of function 'image_processor_wait_until_done' [-Wimplicit-function-declaration]
   image_processor_wait_until_done();
   ^~~~~~~~~~~~~~~~~~~~~~~~~~~~~~~
../src/video_demo.c:646:3: warning: implicit declaration of function 'image_processor_begin_read' [-Wimplicit-function-declaration]
   image_processor_begin_read();
   ^~~~~~~~~~~~~~~~~~~~~~~~~~
../src/video_demo.c: In function 'image_processor_wait_until_done':
../src/video_demo.c:819:6: warning: unused variable 'Status' [-Wunused-variable]
  int Status;
      ^~~~~~
../src/video_demo.c: In function 'main':
../src/video_demo.c:900:6: warning: variable 'started' set but not used [-Wunused-but-set-variable]
  int started = 0;
      ^~~~~~~
../src/video_demo.c: In function 'compute_new_begin_col':
../src/video_demo.c:765:1: warning: control reaches end of non-void function [-Wreturn-type]
 }
 ^
'Finished building: ../src/video_demo.c'
' '
'Building target: HDMI_TEST.elf'
'Invoking: MicroBlaze gcc linker'
mb-gcc -Wl,-T -Wl,../src/lscript.ld -L../../HDMI_TEST_bsp/microblaze_0/lib -mlittle-endian -mxl-barrel-shift -mxl-pattern-compare -mno-xl-soft-div -mcpu=v11.0 -mno-xl-soft-mul -mxl-multiply-high -mhard-float -mxl-float-convert -mxl-float-sqrt -Wl,--no-relax -Wl,--gc-sections -o "HDMI_TEST.elf"  ./src/video_capture/video_capture.o  ./src/timer_ps/timer_ps.o  ./src/intc/intc.o  ./src/dynclk/dynclk.o  ./src/display_ctrl/display_ctrl.o  ./src/PmodGYRO.o ./src/video_demo.o ./src/xspi.o ./src/xspi_options.o   -Wl,--start-group,-lxil,-lgcc,-lc,--end-group
'Finished building target: HDMI_TEST.elf'
' '
'Invoking: MicroBlaze Print Size'
mb-size HDMI_TEST.elf  |tee "HDMI_TEST.elf.size"
   text	   data	    bss	    dec	    hex	filename
  45796	   2208	18798860	18846864	11f9490	HDMI_TEST.elf
'Finished building: HDMI_TEST.elf.size'
' '
23:38:53 **** Auto Build of configuration Debug for project HDMI_TEST ****
make all 
'Building file: ../src/video_demo.c'
'Invoking: MicroBlaze gcc compiler'
mb-gcc -Wall -O0 -g3 -c -fmessage-length=0 -MT"src/video_demo.o" -I../../HDMI_TEST_bsp/microblaze_0/include -mlittle-endian -mxl-barrel-shift -mxl-pattern-compare -mno-xl-soft-div -mcpu=v11.0 -mno-xl-soft-mul -mxl-multiply-high -mhard-float -mxl-float-convert -mxl-float-sqrt -Wl,--no-relax -ffunction-sections -fdata-sections -MMD -MP -MF"src/video_demo.d" -MT"src/video_demo.o" -o "src/video_demo.o" "../src/video_demo.c"
../src/video_demo.c: In function 'ov7670_write_reg':
../src/video_demo.c:307:27: warning: passing argument 1 of 'XIic_IsIicBusy' makes pointer from integer without a cast [-Wint-conversion]
     while (XIic_IsIicBusy(IicInstance.BaseAddress));
                           ^~~~~~~~~~~
In file included from ../src/video_demo.c:45:0:
../../HDMI_TEST_bsp/microblaze_0/include/xiic.h:511:19: note: expected 'XIic * {aka struct <anonymous> *}' but argument is of type 'UINTPTR {aka unsigned int}'
 static inline u32 XIic_IsIicBusy(XIic *InstancePtr)
                   ^~~~~~~~~~~~~~
../src/video_demo.c: In function 'camera_dma_stop':
../src/video_demo.c:410:6: warning: variable 'Status' set but not used [-Wunused-but-set-variable]
  int Status;
      ^~~~~~
../src/video_demo.c: In function 'store_image_to_buffer_and_ip_buffer':
../src/video_demo.c:597:3: warning: implicit declaration of function 'image_processor_begin_write' [-Wimplicit-function-declaration]
   image_processor_begin_write();
   ^~~~~~~~~~~~~~~~~~~~~~~~~~~
../src/video_demo.c:600:3: warning: implicit declaration of function 'image_processor_wait_until_done' [-Wimplicit-function-declaration]
   image_processor_wait_until_done();
   ^~~~~~~~~~~~~~~~~~~~~~~~~~~~~~~
../src/video_demo.c:643:3: warning: implicit declaration of function 'image_processor_begin_read' [-Wimplicit-function-declaration]
   image_processor_begin_read();
   ^~~~~~~~~~~~~~~~~~~~~~~~~~
../src/video_demo.c: In function 'image_processor_wait_until_done':
../src/video_demo.c:816:6: warning: unused variable 'Status' [-Wunused-variable]
  int Status;
      ^~~~~~
../src/video_demo.c: In function 'main':
../src/video_demo.c:897:6: warning: variable 'started' set but not used [-Wunused-but-set-variable]
  int started = 0;
      ^~~~~~~
../src/video_demo.c: In function 'compute_new_begin_col':
../src/video_demo.c:762:1: warning: control reaches end of non-void function [-Wreturn-type]
 }
 ^
'Finished building: ../src/video_demo.c'
' '
'Building target: HDMI_TEST.elf'
'Invoking: MicroBlaze gcc linker'
mb-gcc -Wl,-T -Wl,../src/lscript.ld -L../../HDMI_TEST_bsp/microblaze_0/lib -mlittle-endian -mxl-barrel-shift -mxl-pattern-compare -mno-xl-soft-div -mcpu=v11.0 -mno-xl-soft-mul -mxl-multiply-high -mhard-float -mxl-float-convert -mxl-float-sqrt -Wl,--no-relax -Wl,--gc-sections -o "HDMI_TEST.elf"  ./src/video_capture/video_capture.o  ./src/timer_ps/timer_ps.o  ./src/intc/intc.o  ./src/dynclk/dynclk.o  ./src/display_ctrl/display_ctrl.o  ./src/PmodGYRO.o ./src/video_demo.o ./src/xspi.o ./src/xspi_options.o   -Wl,--start-group,-lxil,-lgcc,-lc,--end-group
'Finished building target: HDMI_TEST.elf'
' '
'Invoking: MicroBlaze Print Size'
mb-size HDMI_TEST.elf  |tee "HDMI_TEST.elf.size"
   text	   data	    bss	    dec	    hex	filename
  45796	   2208	18798860	18846864	11f9490	HDMI_TEST.elf
'Finished building: HDMI_TEST.elf.size'
' '
23:39:47 **** Auto Build of configuration Debug for project HDMI_TEST ****
make all 
'Building file: ../src/video_demo.c'
'Invoking: MicroBlaze gcc compiler'
mb-gcc -Wall -O0 -g3 -c -fmessage-length=0 -MT"src/video_demo.o" -I../../HDMI_TEST_bsp/microblaze_0/include -mlittle-endian -mxl-barrel-shift -mxl-pattern-compare -mno-xl-soft-div -mcpu=v11.0 -mno-xl-soft-mul -mxl-multiply-high -mhard-float -mxl-float-convert -mxl-float-sqrt -Wl,--no-relax -ffunction-sections -fdata-sections -MMD -MP -MF"src/video_demo.d" -MT"src/video_demo.o" -o "src/video_demo.o" "../src/video_demo.c"
../src/video_demo.c: In function 'ov7670_write_reg':
../src/video_demo.c:307:27: warning: passing argument 1 of 'XIic_IsIicBusy' makes pointer from integer without a cast [-Wint-conversion]
     while (XIic_IsIicBusy(IicInstance.BaseAddress));
                           ^~~~~~~~~~~
In file included from ../src/video_demo.c:45:0:
../../HDMI_TEST_bsp/microblaze_0/include/xiic.h:511:19: note: expected 'XIic * {aka struct <anonymous> *}' but argument is of type 'UINTPTR {aka unsigned int}'
 static inline u32 XIic_IsIicBusy(XIic *InstancePtr)
                   ^~~~~~~~~~~~~~
../src/video_demo.c: In function 'camera_dma_stop':
../src/video_demo.c:410:6: warning: variable 'Status' set but not used [-Wunused-but-set-variable]
  int Status;
      ^~~~~~
../src/video_demo.c: In function 'store_image_to_buffer_and_ip_buffer':
../src/video_demo.c:597:3: warning: implicit declaration of function 'image_processor_begin_write' [-Wimplicit-function-declaration]
   image_processor_begin_write();
   ^~~~~~~~~~~~~~~~~~~~~~~~~~~
../src/video_demo.c:600:3: warning: implicit declaration of function 'image_processor_wait_until_done' [-Wimplicit-function-declaration]
   image_processor_wait_until_done();
   ^~~~~~~~~~~~~~~~~~~~~~~~~~~~~~~
../src/video_demo.c:643:3: warning: implicit declaration of function 'image_processor_begin_read' [-Wimplicit-function-declaration]
   image_processor_begin_read();
   ^~~~~~~~~~~~~~~~~~~~~~~~~~
../src/video_demo.c: In function 'main':
../src/video_demo.c:896:6: warning: variable 'started' set but not used [-Wunused-but-set-variable]
  int started = 0;
      ^~~~~~~
../src/video_demo.c: In function 'compute_new_begin_col':
../src/video_demo.c:762:1: warning: control reaches end of non-void function [-Wreturn-type]
 }
 ^
'Finished building: ../src/video_demo.c'
' '
'Building target: HDMI_TEST.elf'
'Invoking: MicroBlaze gcc linker'
mb-gcc -Wl,-T -Wl,../src/lscript.ld -L../../HDMI_TEST_bsp/microblaze_0/lib -mlittle-endian -mxl-barrel-shift -mxl-pattern-compare -mno-xl-soft-div -mcpu=v11.0 -mno-xl-soft-mul -mxl-multiply-high -mhard-float -mxl-float-convert -mxl-float-sqrt -Wl,--no-relax -Wl,--gc-sections -o "HDMI_TEST.elf"  ./src/video_capture/video_capture.o  ./src/timer_ps/timer_ps.o  ./src/intc/intc.o  ./src/dynclk/dynclk.o  ./src/display_ctrl/display_ctrl.o  ./src/PmodGYRO.o ./src/video_demo.o ./src/xspi.o ./src/xspi_options.o   -Wl,--start-group,-lxil,-lgcc,-lc,--end-group
'Finished building target: HDMI_TEST.elf'
' '
'Invoking: MicroBlaze Print Size'
mb-size HDMI_TEST.elf  |tee "HDMI_TEST.elf.size"
   text	   data	    bss	    dec	    hex	filename
  45796	   2208	18798860	18846864	11f9490	HDMI_TEST.elf
'Finished building: HDMI_TEST.elf.size'
' '
23:40:07 **** Auto Build of configuration Debug for project HDMI_TEST ****
make all 
'Building file: ../src/video_demo.c'
'Invoking: MicroBlaze gcc compiler'
mb-gcc -Wall -O0 -g3 -c -fmessage-length=0 -MT"src/video_demo.o" -I../../HDMI_TEST_bsp/microblaze_0/include -mlittle-endian -mxl-barrel-shift -mxl-pattern-compare -mno-xl-soft-div -mcpu=v11.0 -mno-xl-soft-mul -mxl-multiply-high -mhard-float -mxl-float-convert -mxl-float-sqrt -Wl,--no-relax -ffunction-sections -fdata-sections -MMD -MP -MF"src/video_demo.d" -MT"src/video_demo.o" -o "src/video_demo.o" "../src/video_demo.c"
../src/video_demo.c: In function 'ov7670_write_reg':
../src/video_demo.c:307:27: warning: passing argument 1 of 'XIic_IsIicBusy' makes pointer from integer without a cast [-Wint-conversion]
     while (XIic_IsIicBusy(IicInstance.BaseAddress));
                           ^~~~~~~~~~~
In file included from ../src/video_demo.c:45:0:
../../HDMI_TEST_bsp/microblaze_0/include/xiic.h:511:19: note: expected 'XIic * {aka struct <anonymous> *}' but argument is of type 'UINTPTR {aka unsigned int}'
 static inline u32 XIic_IsIicBusy(XIic *InstancePtr)
                   ^~~~~~~~~~~~~~
../src/video_demo.c: In function 'camera_dma_stop':
../src/video_demo.c:410:6: warning: variable 'Status' set but not used [-Wunused-but-set-variable]
  int Status;
      ^~~~~~
../src/video_demo.c: In function 'store_image_to_buffer_and_ip_buffer':
../src/video_demo.c:597:3: warning: implicit declaration of function 'image_processor_begin_write' [-Wimplicit-function-declaration]
   image_processor_begin_write();
   ^~~~~~~~~~~~~~~~~~~~~~~~~~~
../src/video_demo.c:600:3: warning: implicit declaration of function 'image_processor_wait_until_done' [-Wimplicit-function-declaration]
   image_processor_wait_until_done();
   ^~~~~~~~~~~~~~~~~~~~~~~~~~~~~~~
../src/video_demo.c:643:3: warning: implicit declaration of function 'image_processor_begin_read' [-Wimplicit-function-declaration]
   image_processor_begin_read();
   ^~~~~~~~~~~~~~~~~~~~~~~~~~
../src/video_demo.c: In function 'main':
../src/video_demo.c:896:6: warning: variable 'started' set but not used [-Wunused-but-set-variable]
  int started = 0;
      ^~~~~~~
../src/video_demo.c: In function 'compute_new_begin_col':
../src/video_demo.c:762:1: warning: control reaches end of non-void function [-Wreturn-type]
 }
 ^
'Finished building: ../src/video_demo.c'
' '
'Building target: HDMI_TEST.elf'
'Invoking: MicroBlaze gcc linker'
mb-gcc -Wl,-T -Wl,../src/lscript.ld -L../../HDMI_TEST_bsp/microblaze_0/lib -mlittle-endian -mxl-barrel-shift -mxl-pattern-compare -mno-xl-soft-div -mcpu=v11.0 -mno-xl-soft-mul -mxl-multiply-high -mhard-float -mxl-float-convert -mxl-float-sqrt -Wl,--no-relax -Wl,--gc-sections -o "HDMI_TEST.elf"  ./src/video_capture/video_capture.o  ./src/timer_ps/timer_ps.o  ./src/intc/intc.o  ./src/dynclk/dynclk.o  ./src/display_ctrl/display_ctrl.o  ./src/PmodGYRO.o ./src/video_demo.o ./src/xspi.o ./src/xspi_options.o   -Wl,--start-group,-lxil,-lgcc,-lc,--end-group
'Finished building target: HDMI_TEST.elf'
' '
'Invoking: MicroBlaze Print Size'
mb-size HDMI_TEST.elf  |tee "HDMI_TEST.elf.size"
   text	   data	    bss	    dec	    hex	filename
  45796	   2208	18798860	18846864	11f9490	HDMI_TEST.elf
'Finished building: HDMI_TEST.elf.size'
' '
23:40:30 **** Auto Build of configuration Debug for project HDMI_TEST ****
make all 
'Building file: ../src/video_demo.c'
'Invoking: MicroBlaze gcc compiler'
mb-gcc -Wall -O0 -g3 -c -fmessage-length=0 -MT"src/video_demo.o" -I../../HDMI_TEST_bsp/microblaze_0/include -mlittle-endian -mxl-barrel-shift -mxl-pattern-compare -mno-xl-soft-div -mcpu=v11.0 -mno-xl-soft-mul -mxl-multiply-high -mhard-float -mxl-float-convert -mxl-float-sqrt -Wl,--no-relax -ffunction-sections -fdata-sections -MMD -MP -MF"src/video_demo.d" -MT"src/video_demo.o" -o "src/video_demo.o" "../src/video_demo.c"
../src/video_demo.c: In function 'ov7670_write_reg':
../src/video_demo.c:307:27: warning: passing argument 1 of 'XIic_IsIicBusy' makes pointer from integer without a cast [-Wint-conversion]
     while (XIic_IsIicBusy(IicInstance.BaseAddress));
                           ^~~~~~~~~~~
In file included from ../src/video_demo.c:45:0:
../../HDMI_TEST_bsp/microblaze_0/include/xiic.h:511:19: note: expected 'XIic * {aka struct <anonymous> *}' but argument is of type 'UINTPTR {aka unsigned int}'
 static inline u32 XIic_IsIicBusy(XIic *InstancePtr)
                   ^~~~~~~~~~~~~~
../src/video_demo.c: In function 'camera_dma_stop':
../src/video_demo.c:410:6: warning: variable 'Status' set but not used [-Wunused-but-set-variable]
  int Status;
      ^~~~~~
../src/video_demo.c: In function 'store_image_to_buffer_and_ip_buffer':
../src/video_demo.c:586:3: warning: implicit declaration of function 'image_processor_begin_write' [-Wimplicit-function-declaration]
   image_processor_begin_write();
   ^~~~~~~~~~~~~~~~~~~~~~~~~~~
../src/video_demo.c:589:3: warning: implicit declaration of function 'image_processor_wait_until_done' [-Wimplicit-function-declaration]
   image_processor_wait_until_done();
   ^~~~~~~~~~~~~~~~~~~~~~~~~~~~~~~
../src/video_demo.c:620:3: warning: implicit declaration of function 'image_processor_begin_read' [-Wimplicit-function-declaration]
   image_processor_begin_read();
   ^~~~~~~~~~~~~~~~~~~~~~~~~~
../src/video_demo.c: In function 'main':
../src/video_demo.c:873:6: warning: variable 'started' set but not used [-Wunused-but-set-variable]
  int started = 0;
      ^~~~~~~
../src/video_demo.c: In function 'compute_new_begin_col':
../src/video_demo.c:739:1: warning: control reaches end of non-void function [-Wreturn-type]
 }
 ^
'Finished building: ../src/video_demo.c'
' '
'Building target: HDMI_TEST.elf'
'Invoking: MicroBlaze gcc linker'
mb-gcc -Wl,-T -Wl,../src/lscript.ld -L../../HDMI_TEST_bsp/microblaze_0/lib -mlittle-endian -mxl-barrel-shift -mxl-pattern-compare -mno-xl-soft-div -mcpu=v11.0 -mno-xl-soft-mul -mxl-multiply-high -mhard-float -mxl-float-convert -mxl-float-sqrt -Wl,--no-relax -Wl,--gc-sections -o "HDMI_TEST.elf"  ./src/video_capture/video_capture.o  ./src/timer_ps/timer_ps.o  ./src/intc/intc.o  ./src/dynclk/dynclk.o  ./src/display_ctrl/display_ctrl.o  ./src/PmodGYRO.o ./src/video_demo.o ./src/xspi.o ./src/xspi_options.o   -Wl,--start-group,-lxil,-lgcc,-lc,--end-group
'Finished building target: HDMI_TEST.elf'
' '
'Invoking: MicroBlaze Print Size'
mb-size HDMI_TEST.elf  |tee "HDMI_TEST.elf.size"
   text	   data	    bss	    dec	    hex	filename
  45796	   2208	18798860	18846864	11f9490	HDMI_TEST.elf
'Finished building: HDMI_TEST.elf.size'
' '
23:42:30 **** Auto Build of configuration Debug for project HDMI_TEST ****
make all 
'Building file: ../src/video_demo.c'
'Invoking: MicroBlaze gcc compiler'
mb-gcc -Wall -O0 -g3 -c -fmessage-length=0 -MT"src/video_demo.o" -I../../HDMI_TEST_bsp/microblaze_0/include -mlittle-endian -mxl-barrel-shift -mxl-pattern-compare -mno-xl-soft-div -mcpu=v11.0 -mno-xl-soft-mul -mxl-multiply-high -mhard-float -mxl-float-convert -mxl-float-sqrt -Wl,--no-relax -ffunction-sections -fdata-sections -MMD -MP -MF"src/video_demo.d" -MT"src/video_demo.o" -o "src/video_demo.o" "../src/video_demo.c"
../src/video_demo.c: In function 'ov7670_write_reg':
../src/video_demo.c:306:27: warning: passing argument 1 of 'XIic_IsIicBusy' makes pointer from integer without a cast [-Wint-conversion]
     while (XIic_IsIicBusy(IicInstance.BaseAddress));
                           ^~~~~~~~~~~
In file included from ../src/video_demo.c:44:0:
../../HDMI_TEST_bsp/microblaze_0/include/xiic.h:511:19: note: expected 'XIic * {aka struct <anonymous> *}' but argument is of type 'UINTPTR {aka unsigned int}'
 static inline u32 XIic_IsIicBusy(XIic *InstancePtr)
                   ^~~~~~~~~~~~~~
../src/video_demo.c: In function 'camera_dma_stop':
../src/video_demo.c:409:6: warning: variable 'Status' set but not used [-Wunused-but-set-variable]
  int Status;
      ^~~~~~
../src/video_demo.c: In function 'store_image_to_buffer_and_ip_buffer':
../src/video_demo.c:585:3: warning: implicit declaration of function 'image_processor_begin_write' [-Wimplicit-function-declaration]
   image_processor_begin_write();
   ^~~~~~~~~~~~~~~~~~~~~~~~~~~
../src/video_demo.c:588:3: warning: implicit declaration of function 'image_processor_wait_until_done' [-Wimplicit-function-declaration]
   image_processor_wait_until_done();
   ^~~~~~~~~~~~~~~~~~~~~~~~~~~~~~~
../src/video_demo.c:619:3: warning: implicit declaration of function 'image_processor_begin_read' [-Wimplicit-function-declaration]
   image_processor_begin_read();
   ^~~~~~~~~~~~~~~~~~~~~~~~~~
../src/video_demo.c: In function 'main':
../src/video_demo.c:872:6: warning: variable 'started' set but not used [-Wunused-but-set-variable]
  int started = 0;
      ^~~~~~~
../src/video_demo.c: In function 'compute_new_begin_col':
../src/video_demo.c:738:1: warning: control reaches end of non-void function [-Wreturn-type]
 }
 ^
'Finished building: ../src/video_demo.c'
' '
'Building target: HDMI_TEST.elf'
'Invoking: MicroBlaze gcc linker'
mb-gcc -Wl,-T -Wl,../src/lscript.ld -L../../HDMI_TEST_bsp/microblaze_0/lib -mlittle-endian -mxl-barrel-shift -mxl-pattern-compare -mno-xl-soft-div -mcpu=v11.0 -mno-xl-soft-mul -mxl-multiply-high -mhard-float -mxl-float-convert -mxl-float-sqrt -Wl,--no-relax -Wl,--gc-sections -o "HDMI_TEST.elf"  ./src/video_capture/video_capture.o  ./src/timer_ps/timer_ps.o  ./src/intc/intc.o  ./src/dynclk/dynclk.o  ./src/display_ctrl/display_ctrl.o  ./src/PmodGYRO.o ./src/video_demo.o ./src/xspi.o ./src/xspi_options.o   -Wl,--start-group,-lxil,-lgcc,-lc,--end-group
'Finished building target: HDMI_TEST.elf'
' '
'Invoking: MicroBlaze Print Size'
mb-size HDMI_TEST.elf  |tee "HDMI_TEST.elf.size"
   text	   data	    bss	    dec	    hex	filename
  45796	   2208	18798860	18846864	11f9490	HDMI_TEST.elf
'Finished building: HDMI_TEST.elf.size'
' '
